Component: ARM Compiler 5.06 update 7 (build 960) Tool: armlink [4d3601]

==============================================================================

Section Cross References

    main.o(i.SystemClock_Config) refers to rt_memclr_w.o(.text) for __aeabi_memclr4
    main.o(i.SystemClock_Config) refers to stm32f1xx_hal_rcc.o(i.HAL_RCC_OscConfig) for HAL_RCC_OscConfig
    main.o(i.SystemClock_Config) refers to stm32f1xx_hal_rcc.o(i.HAL_RCC_ClockConfig) for HAL_RCC_ClockConfig
    main.o(i.SystemEnableIRQ) refers to stm32f1xx_hal_cortex.o(i.HAL_NVIC_EnableIRQ) for HAL_NVIC_EnableIRQ
    main.o(i.main) refers to stm32f1xx_hal.o(i.HAL_Init) for HAL_Init
    main.o(i.main) refers to main.o(i.SystemClock_Config) for SystemClock_Config
    main.o(i.main) refers to gpio.o(i.MX_GPIO_Init) for MX_GPIO_Init
    main.o(i.main) refers to dma.o(i.MX_DMA_Init) for MX_DMA_Init
    main.o(i.main) refers to ds3231.o(i.DS3231_Init) for DS3231_Init
    main.o(i.main) refers to misc.o(i.Misc_Init) for Misc_Init
    main.o(i.main) refers to vfd.o(i.Vfd_Init) for Vfd_Init
    main.o(i.main) refers to ntp.o(i.GetNtpInit) for GetNtpInit
    main.o(i.main) refers to stm32f1xx_hal_cortex.o(i.HAL_NVIC_EnableIRQ) for HAL_NVIC_EnableIRQ
    main.o(i.main) refers to vfd.o(i.Vfd_Clock_Screen) for Vfd_Clock_Screen
    vfd.o(i.Vfd_Clock_Screen) refers to hv5812.o(i.HV5812_Write) for HV5812_Write
    vfd.o(i.Vfd_Clock_Screen) refers to hv5812.o(i.HV5812_Refresh) for HV5812_Refresh
    vfd.o(i.Vfd_Clock_Screen) refers to stm32f1xx_hal.o(i.HAL_Delay) for HAL_Delay
    vfd.o(i.Vfd_Clock_Screen) refers to misc.o(.bss) for Ds3231Time
    vfd.o(i.Vfd_Clock_Screen) refers to vfd.o(.constdata) for .constdata
    vfd.o(i.Vfd_Init) refers to hv5812.o(i.HV5812_Init) for HV5812_Init
    ntp.o(i.GetNtpInit) refers to esp8285.o(i.ESP8285_Init) for ESP8285_Init
    ntp.o(i.GetNtpInit) refers to esp8285.o(i.ESP8285_AT_Command_Send) for ESP8285_AT_Command_Send
    ntp.o(i.GetNtpInit) refers to esp8285.o(i.ESP8285_CipSend_FixLength) for ESP8285_CipSend_FixLength
    ntp.o(i.GetNtpInit) refers to strstr.o(.text) for strstr
    ntp.o(i.GetNtpInit) refers to esp8285.o(.constdata) for ESP8285_AT_CONNECT_CONFIRM
    ntp.o(i.GetNtpInit) refers to esp8285.o(.constdata) for ESP8285_AT_STA_MODE_SET
    ntp.o(i.GetNtpInit) refers to esp8285.o(.constdata) for ESP8285_AT_AP_CONNECT
    ntp.o(i.GetNtpInit) refers to esp8285.o(.constdata) for ESP8285_AT_CIPMUX
    ntp.o(i.GetNtpInit) refers to ntp.o(.constdata) for .constdata
    ntp.o(i.GetNtpInit) refers to ntp.o(.bss) for .bss
    ntp.o(i.GetNtpInit) refers to ntp.o(.data) for .data
    ntp.o(.constdata) refers to ntp.o(.constdata) for AT_ConnectNtpServer
    ntp.o(.constdata) refers to ntp.o(.constdata) for AT_CONNECT
    hv5812.o(i.HV5812_Init) refers to spi.o(i.MX_SPI1_Init) for MX_SPI1_Init
    hv5812.o(i.HV5812_Init) refers to hv5812.o(i.HV5812_Write) for HV5812_Write
    hv5812.o(i.HV5812_Init) refers to hv5812.o(i.HV5812_Refresh) for HV5812_Refresh
    hv5812.o(i.HV5812_Init) refers to stm32f1xx_hal.o(i.HAL_Delay) for HAL_Delay
    hv5812.o(i.HV5812_Init) refers to stm32f1xx_hal_gpio.o(i.HAL_GPIO_WritePin) for HAL_GPIO_WritePin
    hv5812.o(i.HV5812_Init) refers to hv5812.o(.data) for .data
    hv5812.o(i.HV5812_Refresh) refers to stm32f1xx_hal_gpio.o(i.HAL_GPIO_WritePin) for HAL_GPIO_WritePin
    hv5812.o(i.HV5812_Write) refers to stm32f1xx_hal_spi.o(i.HAL_SPI_Transmit) for HAL_SPI_Transmit
    hv5812.o(i.HV5812_Write) refers to hv5812.o(.data) for .data
    hv5812.o(i.HV5812_Write) refers to spi.o(.bss) for hspi1
    ds3231.o(i.DS3231_Init) refers to iic_soft.o(i.SoftIIC_Init) for SoftIIC_Init
    ds3231.o(i.DS3231_Init) refers to ds3231.o(i.IIC_DS3231_ByteRead) for IIC_DS3231_ByteRead
    ds3231.o(i.DS3231_Init) refers to ds3231.o(i.IIC_DS3231_ByteWrite) for IIC_DS3231_ByteWrite
    ds3231.o(i.DS3231_getdate) refers to ds3231.o(i.IIC_DS3231_ByteRead) for IIC_DS3231_ByteRead
    ds3231.o(i.DS3231_getdate) refers to ds3231.o(i.bcdToDec) for bcdToDec
    ds3231.o(i.DS3231_gettime) refers to ds3231.o(i.IIC_DS3231_ByteRead) for IIC_DS3231_ByteRead
    ds3231.o(i.DS3231_gettime) refers to ds3231.o(i.bcdToDec) for bcdToDec
    ds3231.o(i.DS3231_setDate) refers to ds3231.o(i.IIC_DS3231_ByteWrite) for IIC_DS3231_ByteWrite
    ds3231.o(i.DS3231_setTime) refers to ds3231.o(i.IIC_DS3231_ByteWrite) for IIC_DS3231_ByteWrite
    ds3231.o(i.IIC_DS3231_ByteRead) refers to iic_soft.o(i.SoftIIC_Start) for SoftIIC_Start
    ds3231.o(i.IIC_DS3231_ByteRead) refers to iic_soft.o(i.SoftIIC_SendByte) for SoftIIC_SendByte
    ds3231.o(i.IIC_DS3231_ByteRead) refers to iic_soft.o(i.SoftIIC_ReceiveAck) for SoftIIC_ReceiveAck
    ds3231.o(i.IIC_DS3231_ByteRead) refers to iic_soft.o(i.SoftIIC_ReceiveByte) for SoftIIC_ReceiveByte
    ds3231.o(i.IIC_DS3231_ByteRead) refers to iic_soft.o(i.SoftIIC_Stop) for SoftIIC_Stop
    ds3231.o(i.IIC_DS3231_ByteWrite) refers to iic_soft.o(i.SoftIIC_Start) for SoftIIC_Start
[...]
    ../clib/printf_percent.s                 0x00000000   Number         0  _printf_percent.o ABSOLUTE
    ../clib/printf_percent.s                 0x00000000   Number         0  _printf_s.o ABSOLUTE
    ../clib/printf_percent.s                 0x00000000   Number         0  _printf_d.o ABSOLUTE
    ../clib/signal.c                         0x00000000   Number         0  defsig_stak_inner.o ABSOLUTE
    ../clib/signal.c                         0x00000000   Number         0  defsig_rtred_inner.o ABSOLUTE
    ../clib/signal.c                         0x00000000   Number         0  defsig_fpe_inner.o ABSOLUTE
    ../clib/signal.c                         0x00000000   Number         0  defsig_abrt_inner.o ABSOLUTE
    ../clib/signal.c                         0x00000000   Number         0  defsig_exit.o ABSOLUTE
    ../clib/signal.c                         0x00000000   Number         0  defsig_pvfn_inner.o ABSOLUTE
    ../clib/signal.c                         0x00000000   Number         0  defsig_rtmem_inner.o ABSOLUTE
    ../clib/signal.c                         0x00000000   Number         0  defsig_general.o ABSOLUTE
    ../clib/signal.c                         0x00000000   Number         0  defsig_cppl_inner.o ABSOLUTE
    ../clib/signal.c                         0x00000000   Number         0  defsig_segv_inner.o ABSOLUTE
    ../clib/signal.c                         0x00000000   Number         0  __raise.o ABSOLUTE
    ../clib/signal.c                         0x00000000   Number         0  defsig_rtmem_formal.o ABSOLUTE
    ../clib/signal.c                         0x00000000   Number         0  defsig_rtmem_outer.o ABSOLUTE
    ../clib/signal.c                         0x00000000   Number         0  defsig_other.o ABSOLUTE
    ../clib/signal.s                         0x00000000   Number         0  defsig.o ABSOLUTE
    ../clib/stdlib.c                         0x00000000   Number         0  exit.o ABSOLUTE
    ../clib/string.c                         0x00000000   Number         0  strstr.o ABSOLUTE
    ../fplib/fpinit.s                        0x00000000   Number         0  fpinit.o ABSOLUTE
    ..\Core\Src\dma.c                        0x00000000   Number         0  dma.o ABSOLUTE
    ..\Core\Src\gpio.c                       0x00000000   Number         0  gpio.o ABSOLUTE
    ..\Core\Src\iic_soft.c                   0x00000000   Number         0  iic_soft.o ABSOLUTE
    ..\Core\Src\spi.c                        0x00000000   Number         0  spi.o ABSOLUTE
    ..\Core\Src\stm32f1xx_hal_msp.c          0x00000000   Number         0  stm32f1xx_hal_msp.o ABSOLUTE
    ..\Core\Src\stm32f1xx_it.c               0x00000000   Number         0  stm32f1xx_it.o ABSOLUTE
    ..\Core\Src\system_stm32f1xx.c           0x00000000   Number         0  system_stm32f1xx.o ABSOLUTE
    ..\Core\Src\tim.c                        0x00000000   Number         0  tim.o ABSOLUTE
    ..\Core\Src\usart.c                      0x00000000   Number         0  usart.o ABSOLUTE
    ..\Drivers\STM32F1xx_HAL_Driver\Src\stm32f1xx_hal.c 0x00000000   Number         0  stm32f1xx_hal.o ABSOLUTE
    ..\Drivers\STM32F1xx_HAL_Driver\Src\stm32f1xx_hal_cortex.c 0x00000000   Number         0  stm32f1xx_hal_cortex.o ABSOLUTE
    ..\Drivers\STM32F1xx_HAL_Driver\Src\stm32f1xx_hal_dma.c 0x00000000   Number         0  stm32f1xx_hal_dma.o ABSOLUTE
    ..\Drivers\STM32F1xx_HAL_Driver\Src\stm32f1xx_hal_exti.c 0x00000000   Number         0  stm32f1xx_hal_exti.o ABSOLUTE
    ..\Drivers\STM32F1xx_HAL_Driver\Src\stm32f1xx_hal_flash.c 0x00000000   Number         0  stm32f1xx_hal_flash.o ABSOLUTE
    ..\Drivers\STM32F1xx_HAL_Driver\Src\stm32f1xx_hal_flash_ex.c 0x00000000   Number         0  stm32f1xx_hal_flash_ex.o ABSOLUTE
    ..\Drivers\STM32F1xx_HAL_Driver\Src\stm32f1xx_hal_gpio.c 0x00000000   Number         0  stm32f1xx_hal_gpio.o ABSOLUTE
    ..\Drivers\STM32F1xx_HAL_Driver\Src\stm32f1xx_hal_gpio_ex.c 0x00000000   Number         0  stm32f1xx_hal_gpio_ex.o ABSOLUTE
    ..\Drivers\STM32F1xx_HAL_Driver\Src\stm32f1xx_hal_pwr.c 0x00000000   Number         0  stm32f1xx_hal_pwr.o ABSOLUTE
    ..\Drivers\STM32F1xx_HAL_Driver\Src\stm32f1xx_hal_rcc.c 0x00000000   Number         0  stm32f1xx_hal_rcc.o ABSOLUTE
    ..\Drivers\STM32F1xx_HAL_Driver\Src\stm32f1xx_hal_rcc_ex.c 0x00000000   Number         0  stm32f1xx_hal_rcc_ex.o ABSOLUTE
    ..\Drivers\STM32F1xx_HAL_Driver\Src\stm32f1xx_hal_spi.c 0x00000000   Number         0  stm32f1xx_hal_spi.o ABSOLUTE
    ..\Drivers\STM32F1xx_HAL_Driver\Src\stm32f1xx_hal_tim.c 0x00000000   Number         0  stm32f1xx_hal_tim.o ABSOLUTE
    ..\Drivers\STM32F1xx_HAL_Driver\Src\stm32f1xx_hal_tim_ex.c 0x00000000   Number         0  stm32f1xx_hal_tim_ex.o ABSOLUTE
    ..\Drivers\STM32F1xx_HAL_Driver\Src\stm32f1xx_hal_uart.c 0x00000000   Number         0  stm32f1xx_hal_uart.o ABSOLUTE
    ..\Middle\Src\ds3231.c                   0x00000000   Number         0  ds3231.o ABSOLUTE
    ..\Middle\Src\esp8285.c                  0x00000000   Number         0  esp8285.o ABSOLUTE
    ..\Middle\Src\hv5812.c                   0x00000000   Number         0  hv5812.o ABSOLUTE
    ..\Middle\Src\misc.c                     0x00000000   Number         0  misc.o ABSOLUTE
    ..\User\Src\main.c                       0x00000000   Number         0  main.o ABSOLUTE
    ..\User\Src\ntp.c                        0x00000000   Number         0  ntp.o ABSOLUTE
    ..\User\Src\vfd.c                        0x00000000   Number         0  vfd.o ABSOLUTE
    ..\\Core\\Src\\iic_soft.c                0x00000000   Number         0  iic_soft.o ABSOLUTE
    ..\\Middle\\Src\\ds3231.c                0x00000000   Number         0  ds3231.o ABSOLUTE
    ..\\Middle\\Src\\esp8285.c               0x00000000   Number         0  esp8285.o ABSOLUTE
    ..\\Middle\\Src\\hv5812.c                0x00000000   Number         0  hv5812.o ABSOLUTE
    ..\\Middle\\Src\\misc.c                  0x00000000   Number         0  misc.o ABSOLUTE
    ..\\User\\Src\\main.c                    0x00000000   Number         0  main.o ABSOLUTE
    ..\\User\\Src\\vfd.c                     0x00000000   Number         0  vfd.o ABSOLUTE
    dc.s                                     0x00000000   Number         0  dc.o ABSOLUTE
    startup_stm32f103xb.s                    0x00000000   Number         0  startup_stm32f103xb.o ABSOLUTE
    RESET                                    0x08000000   Section      236  startup_stm32f103xb.o(RESET)
    !!!main                                  0x080000ec   Section        8  __main.o(!!!main)
    !!!scatter                               0x080000f4   Section       52  __scatter.o(!!!scatter)
    !!handler_copy                           0x08000128   Section       26  __scatter_copy.o(!!handler_copy)
    !!handler_zi                             0x08000144   Section       28  __scatter_zi.o(!!handler_zi)
    .ARM.Collect$$_printf_percent$$00000000  0x08000160   Section        0  _printf_percent.o(.ARM.Collect$$_printf_percent$$00000000)
    .ARM.Collect$$_printf_percent$$00000009  0x08000160   Section        6  _printf_d.o(.ARM.Collect$$_printf_percent$$00000009)
    .ARM.Collect$$_printf_percent$$00000014  0x08000166   Section        6  _printf_s.o(.ARM.Collect$$_printf_percent$$00000014)
    .ARM.Collect$$_printf_percent$$00000017  0x0800016c   Section        4  _printf_percent_end.o(.ARM.Collect$$_printf_percent$$00000017)
    .ARM.Collect$$libinit$$00000000          0x08000170   Section        2  libinit.o(.ARM.Collect$$libinit$$00000000)
    .ARM.Collect$$libinit$$00000002          0x08000172   Section        0  libinit2.o(.ARM.Collect$$libinit$$00000002)
    .ARM.Collect$$libinit$$00000004          0x08000172   Section        0  libinit2.o(.ARM.Collect$$libinit$$00000004)
    .ARM.Collect$$libinit$$0000000A          0x08000172   Section        0  libinit2.o(.ARM.Collect$$libinit$$0000000A)
    .ARM.Collect$$libinit$$0000000C          0x08000172   Section        0  libinit2.o(.ARM.Collect$$libinit$$0000000C)
    .ARM.Collect$$libinit$$0000000E          0x08000172   Section        0  libinit2.o(.ARM.Collect$$libinit$$0000000E)
    .ARM.Collect$$libinit$$00000011          0x08000172   Section        0  libinit2.o(.ARM.Collect$$libinit$$00000011)
    .ARM.Collect$$libinit$$00000013          0x08000172   Section        0  libinit2.o(.ARM.Collect$$libinit$$00000013)
    .ARM.Collect$$libinit$$00000015          0x08000172   Section        0  libinit2.o(.ARM.Collect$$libinit$$00000015)
    .ARM.Collect$$libinit$$00000017          0x08000172   Section        0  libinit2.o(.ARM.Collect$$libinit$$00000017)
    .ARM.Collect$$libinit$$00000019          0x08000172   Section        0  libinit2.o(.ARM.Collect$$libinit$$00000019)
    .ARM.Collect$$libinit$$0000001B          0x08000172   Section        0  libinit2.o(.ARM.Collect$$libinit$$0000001B)
    .ARM.Collect$$libinit$$0000001D          0x08000172   Section        0  libinit2.o(.ARM.Collect$$libinit$$0000001D)
    .ARM.Collect$$libinit$$0000001F          0x08000172   Section        0  libinit2.o(.ARM.Collect$$libinit$$0000001F)
    .ARM.Collect$$libinit$$00000021          0x08000172   Section        0  libinit2.o(.ARM.Collect$$libinit$$00000021)
    .ARM.Collect$$libinit$$00000023          0x08000172   Section        0  libinit2.o(.ARM.Collect$$libinit$$00000023)
    .ARM.Collect$$libinit$$00000025          0x08000172   Section        0  libinit2.o(.ARM.Collect$$libinit$$00000025)
    .ARM.Collect$$libinit$$0000002C          0x08000172   Section        0  libinit2.o(.ARM.Collect$$libinit$$0000002C)
    .ARM.Collect$$libinit$$0000002E          0x08000172   Section        0  libinit2.o(.ARM.Collect$$libinit$$0000002E)
    .ARM.Collect$$libinit$$00000030          0x08000172   Section        0  libinit2.o(.ARM.Collect$$libinit$$00000030)
    .ARM.Collect$$libinit$$00000032          0x08000172   Section        0  libinit2.o(.ARM.Collect$$libinit$$00000032)
    .ARM.Collect$$libinit$$00000033          0x08000172   Section        2  libinit2.o(.ARM.Collect$$libinit$$00000033)
    .ARM.Collect$$libshutdown$$00000000      0x08000174   Section        2  libshutdown.o(.ARM.Collect$$libshutdown$$00000000)
    .ARM.Collect$$libshutdown$$00000002      0x08000176   Section        0  libshutdown2.o(.ARM.Collect$$libshutdown$$00000002)
    .ARM.Collect$$libshutdown$$00000004      0x08000176   Section        0  libshutdown2.o(.ARM.Collect$$libshutdown$$00000004)
    .ARM.Collect$$libshutdown$$00000006      0x08000176   Section        0  libshutdown2.o(.ARM.Collect$$libshutdown$$00000006)
    .ARM.Collect$$libshutdown$$00000009      0x08000176   Section        0  libshutdown2.o(.ARM.Collect$$libshutdown$$00000009)
    .ARM.Collect$$libshutdown$$0000000C      0x08000176   Section        0  libshutdown2.o(.ARM.Collect$$libshutdown$$0000000C)
    .ARM.Collect$$libshutdown$$0000000E      0x08000176   Section        0  libshutdown2.o(.ARM.Collect$$libshutdown$$0000000E)
    .ARM.Collect$$libshutdown$$00000011      0x08000176   Section        0  libshutdown2.o(.ARM.Collect$$libshutdown$$00000011)
    .ARM.Collect$$libshutdown$$00000012      0x08000176   Section        2  libshutdown2.o(.ARM.Collect$$libshutdown$$00000012)
    .ARM.Collect$$rtentry$$00000000          0x08000178   Section        0  __rtentry.o(.ARM.Collect$$rtentry$$00000000)
    .ARM.Collect$$rtentry$$00000002          0x08000178   Section        0  __rtentry2.o(.ARM.Collect$$rtentry$$00000002)
    .ARM.Collect$$rtentry$$00000004          0x08000178   Section        6  __rtentry4.o(.ARM.Collect$$rtentry$$00000004)
    .ARM.Collect$$rtentry$$00000009          0x0800017e   Section        0  __rtentry2.o(.ARM.Collect$$rtentry$$00000009)
    .ARM.Collect$$rtentry$$0000000A          0x0800017e   Section        4  __rtentry2.o(.ARM.Collect$$rtentry$$0000000A)
    .ARM.Collect$$rtentry$$0000000C          0x08000182   Section        0  __rtentry2.o(.ARM.Collect$$rtentry$$0000000C)
    .ARM.Collect$$rtentry$$0000000D          0x08000182   Section        8  __rtentry2.o(.ARM.Collect$$rtentry$$0000000D)
    .ARM.Collect$$rtexit$$00000000           0x0800018a   Section        2  rtexit.o(.ARM.Collect$$rtexit$$00000000)
    .ARM.Collect$$rtexit$$00000002           0x0800018c   Section        0  rtexit2.o(.ARM.Collect$$rtexit$$00000002)
    .ARM.Collect$$rtexit$$00000003           0x0800018c   Section        4  rtexit2.o(.ARM.Collect$$rtexit$$00000003)
    .ARM.Collect$$rtexit$$00000004           0x08000190   Section        6  rtexit2.o(.ARM.Collect$$rtexit$$00000004)
    .text                                    0x08000198   Section       64  startup_stm32f103xb.o(.text)
    .text                                    0x080001d8   Section        0  noretval__2sprintf.o(.text)
    .text                                    0x08000200   Section        0  __printf.o(.text)
    .text                                    0x08000268   Section        0  _printf_str.o(.text)
    .text                                    0x080002bc   Section        0  _printf_dec.o(.text)
    .text                                    0x08000334   Section        0  strstr.o(.text)
    .text                                    0x08000358   Section       78  rt_memclr_w.o(.text)
    .text                                    0x080003a6   Section        0  heapauxi.o(.text)
    .text                                    0x080003ac   Section        0  _printf_intcommon.o(.text)
    .text                                    0x08000460   Section        0  _printf_char_common.o(.text)
    _printf_input_char                       0x08000461   Thumb Code    10  _printf_char_common.o(.text)
    .text                                    0x08000490   Section        0  _sputc.o(.text)
    .text                                    0x0800049a   Section        0  _printf_char.o(.text)
    .text                                    0x080004c6   Section       74  sys_stackheap_outer.o(.text)
    .text                                    0x08000510   Section        0  exit.o(.text)
    .text                                    0x08000524   Section        8  libspace.o(.text)
    .text                                    0x0800052c   Section        0  sys_exit.o(.text)
    .text                                    0x08000538   Section        2  use_no_semi.o(.text)
    .text                                    0x0800053a   Section        0  indicate_semi.o(.text)
    i.BusFault_Handler                       0x0800053a   Section        0  stm32f1xx_it.o(i.BusFault_Handler)
    i.DMA1_Channel2_IRQHandler               0x0800053c   Section        0  stm32f1xx_it.o(i.DMA1_Channel2_IRQHandler)
    i.DMA1_Channel3_IRQHandler               0x08000548   Section        0  stm32f1xx_it.o(i.DMA1_Channel3_IRQHandler)
    i.DS3231_Init                            0x08000554   Section        0  ds3231.o(i.DS3231_Init)
    i.DS3231_gettime                         0x0800058c   Section        0  ds3231.o(i.DS3231_gettime)
    i.DebugMon_Handler                       0x080005e2   Section        0  stm32f1xx_it.o(i.DebugMon_Handler)
    i.ESP8285_AT_Command_Send                0x080005e4   Section        0  esp8285.o(i.ESP8285_AT_Command_Send)
    i.ESP8285_CipSend_FixLength              0x08000620   Section        0  esp8285.o(i.ESP8285_CipSend_FixLength)
    i.ESP8285_Init                           0x08000690   Section        0  esp8285.o(i.ESP8285_Init)
    i.EXTI15_10_IRQHandler                   0x0800069a   Section        0  stm32f1xx_it.o(i.EXTI15_10_IRQHandler)
    i.Error_Handler                          0x080006b0   Section        0  main.o(i.Error_Handler)
    i.EspReceive                             0x080006b4   Section        0  esp8285.o(i.EspReceive)
    EspReceive                               0x080006b5   Thumb Code    12  esp8285.o(i.EspReceive)
    i.GetNtpInit                             0x080006c4   Section        0  ntp.o(i.GetNtpInit)
    i.HAL_DMA_Abort                          0x08000734   Section        0  stm32f1xx_hal_dma.o(i.HAL_DMA_Abort)
    i.HAL_DMA_Abort_IT                       0x0800077c   Section        0  stm32f1xx_hal_dma.o(i.HAL_DMA_Abort_IT)
    i.HAL_DMA_IRQHandler                     0x08000814   Section        0  stm32f1xx_hal_dma.o(i.HAL_DMA_IRQHandler)
    i.HAL_DMA_Init                           0x0800096c   Section        0  stm32f1xx_hal_dma.o(i.HAL_DMA_Init)
    i.HAL_Delay                              0x080009c8   Section        0  stm32f1xx_hal.o(i.HAL_Delay)
    i.HAL_Delay_us                           0x080009ec   Section        0  iic_soft.o(i.HAL_Delay_us)
    i.HAL_GPIO_EXTI_Callback                 0x08000a20   Section        0  misc.o(i.HAL_GPIO_EXTI_Callback)
    i.HAL_GPIO_EXTI_IRQHandler               0x08000a34   Section        0  stm32f1xx_hal_gpio.o(i.HAL_GPIO_EXTI_IRQHandler)
    i.HAL_GPIO_Init                          0x08000a4c   Section        0  stm32f1xx_hal_gpio.o(i.HAL_GPIO_Init)
    i.HAL_GPIO_ReadPin                       0x08000c18   Section        0  stm32f1xx_hal_gpio.o(i.HAL_GPIO_ReadPin)
    i.HAL_GPIO_WritePin                      0x08000c22   Section        0  stm32f1xx_hal_gpio.o(i.HAL_GPIO_WritePin)
    i.HAL_GetTick                            0x08000c2c   Section        0  stm32f1xx_hal.o(i.HAL_GetTick)
    i.HAL_IncTick                            0x08000c38   Section        0  stm32f1xx_hal.o(i.HAL_IncTick)
    i.HAL_Init                               0x08000c48   Section        0  stm32f1xx_hal.o(i.HAL_Init)
    i.HAL_InitTick                           0x08000c6c   Section        0  stm32f1xx_hal.o(i.HAL_InitTick)
    i.HAL_MspInit                            0x08000cac   Section        0  stm32f1xx_hal_msp.o(i.HAL_MspInit)
    i.HAL_NVIC_EnableIRQ                     0x08000cd8   Section        0  stm32f1xx_hal_cortex.o(i.HAL_NVIC_EnableIRQ)
    i.HAL_NVIC_SetPriority                   0x08000cf4   Section        0  stm32f1xx_hal_cortex.o(i.HAL_NVIC_SetPriority)
    i.HAL_NVIC_SetPriorityGrouping           0x08000d34   Section        0  stm32f1xx_hal_cortex.o(i.HAL_NVIC_SetPriorityGrouping)
    i.HAL_RCC_ClockConfig                    0x08000d58   Section        0  stm32f1xx_hal_rcc.o(i.HAL_RCC_ClockConfig)
    i.HAL_RCC_GetPCLK1Freq                   0x08000e90   Section        0  stm32f1xx_hal_rcc.o(i.HAL_RCC_GetPCLK1Freq)
    i.HAL_RCC_GetPCLK2Freq                   0x08000eb0   Section        0  stm32f1xx_hal_rcc.o(i.HAL_RCC_GetPCLK2Freq)
    i.HAL_RCC_GetSysClockFreq                0x08000ed0   Section        0  stm32f1xx_hal_rcc.o(i.HAL_RCC_GetSysClockFreq)
    i.HAL_RCC_OscConfig                      0x08000f1c   Section        0  stm32f1xx_hal_rcc.o(i.HAL_RCC_OscConfig)
    i.HAL_SPI_Init                           0x08001234   Section        0  stm32f1xx_hal_spi.o(i.HAL_SPI_Init)
    i.HAL_SPI_MspInit                        0x080012e8   Section        0  spi.o(i.HAL_SPI_MspInit)
    i.HAL_SPI_Transmit                       0x08001398   Section        0  stm32f1xx_hal_spi.o(i.HAL_SPI_Transmit)
    i.HAL_SYSTICK_Config                     0x08001502   Section        0  stm32f1xx_hal_cortex.o(i.HAL_SYSTICK_Config)
    i.HAL_TIMEx_ConfigBreakDeadTime          0x0800152a   Section        0  stm32f1xx_hal_tim_ex.o(i.HAL_TIMEx_ConfigBreakDeadTime)
    i.HAL_TIMEx_MasterConfigSynchronization  0x08001580   Section        0  stm32f1xx_hal_tim_ex.o(i.HAL_TIMEx_MasterConfigSynchronization)
    i.HAL_TIM_Base_Init                      0x080015e8   Section        0  stm32f1xx_hal_tim.o(i.HAL_TIM_Base_Init)
    i.HAL_TIM_Base_MspInit                   0x08001644   Section        0  tim.o(i.HAL_TIM_Base_MspInit)
    i.HAL_TIM_ConfigClockSource              0x0800166c   Section        0  stm32f1xx_hal_tim.o(i.HAL_TIM_ConfigClockSource)
    i.HAL_TIM_MspPostInit                    0x08001748   Section        0  tim.o(i.HAL_TIM_MspPostInit)
    i.HAL_TIM_PWM_ConfigChannel              0x08001794   Section        0  stm32f1xx_hal_tim.o(i.HAL_TIM_PWM_ConfigChannel)
    i.HAL_TIM_PWM_Init                       0x08001860   Section        0  stm32f1xx_hal_tim.o(i.HAL_TIM_PWM_Init)
    i.HAL_TIM_PWM_MspInit                    0x080018ba   Section        0  stm32f1xx_hal_tim.o(i.HAL_TIM_PWM_MspInit)
    i.HAL_UARTEx_RxEventCallback             0x080018bc   Section        0  esp8285.o(i.HAL_UARTEx_RxEventCallback)
    i.HAL_UART_ErrorCallback                 0x080018c0   Section        0  stm32f1xx_hal_uart.o(i.HAL_UART_ErrorCallback)
    i.HAL_UART_IRQHandler                    0x080018c4   Section        0  stm32f1xx_hal_uart.o(i.HAL_UART_IRQHandler)
    i.HAL_UART_Init                          0x08001b30   Section        0  stm32f1xx_hal_uart.o(i.HAL_UART_Init)
    i.HAL_UART_MspInit                       0x08001b94   Section        0  usart.o(i.HAL_UART_MspInit)
    i.HAL_UART_Receive                       0x08001c70   Section        0  stm32f1xx_hal_uart.o(i.HAL_UART_Receive)
    i.HAL_UART_RxCpltCallback                0x08001d1c   Section        0  stm32f1xx_hal_uart.o(i.HAL_UART_RxCpltCallback)
    i.HAL_UART_Transmit                      0x08001d1e   Section        0  stm32f1xx_hal_uart.o(i.HAL_UART_Transmit)
    i.HAL_UART_TxCpltCallback                0x08001db8   Section        0  stm32f1xx_hal_uart.o(i.HAL_UART_TxCpltCallback)
    i.HV5812_Init                            0x08001dbc   Section        0  hv5812.o(i.HV5812_Init)
    i.HV5812_Refresh                         0x08001e00   Section        0  hv5812.o(i.HV5812_Refresh)
    i.HV5812_Write                           0x08001e24   Section        0  hv5812.o(i.HV5812_Write)
    i.HardFault_Handler                      0x08001e48   Section        0  stm32f1xx_it.o(i.HardFault_Handler)
    i.IIC_DS3231_ByteRead                    0x08001e4a   Section        0  ds3231.o(i.IIC_DS3231_ByteRead)
    IIC_DS3231_ByteRead                      0x08001e4b   Thumb Code    76  ds3231.o(i.IIC_DS3231_ByteRead)
    i.IIC_DS3231_ByteWrite                   0x08001e96   Section        0  ds3231.o(i.IIC_DS3231_ByteWrite)
    IIC_DS3231_ByteWrite                     0x08001e97   Thumb Code    66  ds3231.o(i.IIC_DS3231_ByteWrite)
    i.MX_DMA_Init                            0x08001ed8   Section        0  dma.o(i.MX_DMA_Init)
    i.MX_GPIO_Init                           0x08001f14   Section        0  gpio.o(i.MX_GPIO_Init)
    i.MX_SPI1_Init                           0x0800202c   Section        0  spi.o(i.MX_SPI1_Init)
    i.MX_TIM1_Init                           0x08002074   Section        0  tim.o(i.MX_TIM1_Init)
    i.MX_USART3_UART_Init                    0x08002144   Section        0  usart.o(i.MX_USART3_UART_Init)
    i.MemManage_Handler                      0x0800217c   Section        0  stm32f1xx_it.o(i.MemManage_Handler)
    i.Misc_Init                              0x08002180   Section        0  misc.o(i.Misc_Init)
    i.MyI2C_R_SDA                            0x08002194   Section        0  iic_soft.o(i.MyI2C_R_SDA)
    i.MyI2C_W_SCL                            0x080021b4   Section        0  iic_soft.o(i.MyI2C_W_SCL)
    i.MyI2C_W_SDA                            0x080021d4   Section        0  iic_soft.o(i.MyI2C_W_SDA)
    i.NMI_Handler                            0x080021f4   Section        0  stm32f1xx_it.o(i.NMI_Handler)
    i.PendSV_Handler                         0x080021f6   Section        0  stm32f1xx_it.o(i.PendSV_Handler)
    i.SPI_EndRxTxTransaction                 0x080021f8   Section        0  stm32f1xx_hal_spi.o(i.SPI_EndRxTxTransaction)
    SPI_EndRxTxTransaction                   0x080021f9   Thumb Code    32  stm32f1xx_hal_spi.o(i.SPI_EndRxTxTransaction)
    i.SPI_WaitFlagStateUntilTimeout          0x08002218   Section        0  stm32f1xx_hal_spi.o(i.SPI_WaitFlagStateUntilTimeout)
    SPI_WaitFlagStateUntilTimeout            0x08002219   Thumb Code   180  stm32f1xx_hal_spi.o(i.SPI_WaitFlagStateUntilTimeout)
    i.SVC_Handler                            0x080022d0   Section        0  stm32f1xx_it.o(i.SVC_Handler)
    i.SoftIIC_Init                           0x080022d4   Section        0  iic_soft.o(i.SoftIIC_Init)
    i.SoftIIC_ReceiveAck                     0x080023b0   Section        0  iic_soft.o(i.SoftIIC_ReceiveAck)
    i.SoftIIC_ReceiveByte                    0x080023ce   Section        0  iic_soft.o(i.SoftIIC_ReceiveByte)
    i.SoftIIC_SendByte                       0x08002402   Section        0  iic_soft.o(i.SoftIIC_SendByte)
    i.SoftIIC_Start                          0x0800242a   Section        0  iic_soft.o(i.SoftIIC_Start)
    i.SoftIIC_Stop                           0x08002448   Section        0  iic_soft.o(i.SoftIIC_Stop)
    i.SysTick_Handler                        0x08002460   Section        0  stm32f1xx_it.o(i.SysTick_Handler)
    i.SystemClock_Config                     0x08002464   Section        0  main.o(i.SystemClock_Config)
    i.SystemInit                             0x080024c0   Section        0  system_stm32f1xx.o(i.SystemInit)
    i.TIM_Base_SetConfig                     0x080024c4   Section        0  stm32f1xx_hal_tim.o(i.TIM_Base_SetConfig)
    i.TIM_ETR_SetConfig                      0x08002530   Section        0  stm32f1xx_hal_tim.o(i.TIM_ETR_SetConfig)
    i.TIM_ITRx_SetConfig                     0x08002544   Section        0  stm32f1xx_hal_tim.o(i.TIM_ITRx_SetConfig)
    TIM_ITRx_SetConfig                       0x08002545   Thumb Code    16  stm32f1xx_hal_tim.o(i.TIM_ITRx_SetConfig)
    i.TIM_OC1_SetConfig                      0x08002554   Section        0  stm32f1xx_hal_tim.o(i.TIM_OC1_SetConfig)
    TIM_OC1_SetConfig                        0x08002555   Thumb Code    82  stm32f1xx_hal_tim.o(i.TIM_OC1_SetConfig)
    i.TIM_OC2_SetConfig                      0x080025ac   Section        0  stm32f1xx_hal_tim.o(i.TIM_OC2_SetConfig)
    i.TIM_OC3_SetConfig                      0x08002608   Section        0  stm32f1xx_hal_tim.o(i.TIM_OC3_SetConfig)
    TIM_OC3_SetConfig                        0x08002609   Thumb Code    84  stm32f1xx_hal_tim.o(i.TIM_OC3_SetConfig)
    i.TIM_OC4_SetConfig                      0x08002660   Section        0  stm32f1xx_hal_tim.o(i.TIM_OC4_SetConfig)
    TIM_OC4_SetConfig                        0x08002661   Thumb Code    64  stm32f1xx_hal_tim.o(i.TIM_OC4_SetConfig)
    i.TIM_TI1_ConfigInputStage               0x080026a4   Section        0  stm32f1xx_hal_tim.o(i.TIM_TI1_ConfigInputStage)
    TIM_TI1_ConfigInputStage                 0x080026a5   Thumb Code    34  stm32f1xx_hal_tim.o(i.TIM_TI1_ConfigInputStage)
    i.TIM_TI2_ConfigInputStage               0x080026c6   Section        0  stm32f1xx_hal_tim.o(i.TIM_TI2_ConfigInputStage)
    TIM_TI2_ConfigInputStage                 0x080026c7   Thumb Code    36  stm32f1xx_hal_tim.o(i.TIM_TI2_ConfigInputStage)
    i.UART_DMAAbortOnError                   0x080026ea   Section        0  stm32f1xx_hal_uart.o(i.UART_DMAAbortOnError)
    UART_DMAAbortOnError                     0x080026eb   Thumb Code    16  stm32f1xx_hal_uart.o(i.UART_DMAAbortOnError)
    i.UART_EndRxTransfer                     0x080026fa   Section        0  stm32f1xx_hal_uart.o(i.UART_EndRxTransfer)
    UART_EndRxTransfer                       0x080026fb   Thumb Code    78  stm32f1xx_hal_uart.o(i.UART_EndRxTransfer)
    i.UART_Receive_IT                        0x08002748   Section        0  stm32f1xx_hal_uart.o(i.UART_Receive_IT)
    UART_Receive_IT                          0x08002749   Thumb Code   194  stm32f1xx_hal_uart.o(i.UART_Receive_IT)
    i.UART_SetConfig                         0x0800280c   Section        0  stm32f1xx_hal_uart.o(i.UART_SetConfig)
    UART_SetConfig                           0x0800280d   Thumb Code   178  stm32f1xx_hal_uart.o(i.UART_SetConfig)
    i.UART_WaitOnFlagUntilTimeout            0x080028c4   Section        0  stm32f1xx_hal_uart.o(i.UART_WaitOnFlagUntilTimeout)
    UART_WaitOnFlagUntilTimeout              0x080028c5   Thumb Code   118  stm32f1xx_hal_uart.o(i.UART_WaitOnFlagUntilTimeout)
    i.USART3_IRQHandler                      0x0800293c   Section        0  stm32f1xx_it.o(i.USART3_IRQHandler)
    i.UsageFault_Handler                     0x08002948   Section        0  stm32f1xx_it.o(i.UsageFault_Handler)
    i.Vfd_Clock_Screen                       0x0800294c   Section        0  vfd.o(i.Vfd_Clock_Screen)
    i.Vfd_Init                               0x08002a30   Section        0  vfd.o(i.Vfd_Init)
    i.__NVIC_SetPriority                     0x08002a34   Section        0  stm32f1xx_hal_cortex.o(i.__NVIC_SetPriority)
    __NVIC_SetPriority                       0x08002a35   Thumb Code    32  stm32f1xx_hal_cortex.o(i.__NVIC_SetPriority)
    i.bcdToDec                               0x08002a54   Section        0  ds3231.o(i.bcdToDec)
    bcdToDec                                 0x08002a55   Thumb Code    18  ds3231.o(i.bcdToDec)
    i.main                                   0x08002a66   Section        0  main.o(i.main)
    .constdata                               0x08002a94   Section       48  vfd.o(.constdata)
    VFD_NUM                                  0x08002a94   Data          48  vfd.o(.constdata)
    .constdata                               0x08002ac4   Section        8  ntp.o(.constdata)
    AT_CONNECT                               0x08002ac4   Data           8  ntp.o(.constdata)
    .constdata                               0x08002acc   Section       44  ntp.o(.constdata)
    AT_ConnectNtpServer                      0x08002acc   Data          44  ntp.o(.constdata)
    .constdata                               0x08002af8   Section       73  ntp.o(.constdata)
    AT_GetNTP                                0x08002af8   Data          48  ntp.o(.constdata)
    ESP8285_AT_ConnectNtpServer              0x08002b28   Data          16  ntp.o(.constdata)
    AT_GetNtp_FindStr                        0x08002b38   Data           9  ntp.o(.constdata)
    .constdata                               0x08002b41   Section       15  esp8285.o(.constdata)
    AT_OK                                    0x08002b41   Data           3  esp8285.o(.constdata)
    .constdata                               0x08002b50   Section        5  esp8285.o(.constdata)
    .constdata                               0x08002b55   Section       14  esp8285.o(.constdata)
    .constdata                               0x08002b63   Section       36  esp8285.o(.constdata)
    .constdata                               0x08002b87   Section       14  esp8285.o(.constdata)
    .constdata                               0x08002b98   Section       16  esp8285.o(.constdata)
    .constdata                               0x08002ba8   Section       16  esp8285.o(.constdata)
    .constdata                               0x08002bb8   Section       16  esp8285.o(.constdata)
    .constdata                               0x08002bc8   Section       16  esp8285.o(.constdata)
    .constdata                               0x08002bd8   Section       18  stm32f1xx_hal_rcc.o(.constdata)
    aPredivFactorTable                       0x08002bd8   Data           2  stm32f1xx_hal_rcc.o(.constdata)
    aPLLMULFactorTable                       0x08002bda   Data          16  stm32f1xx_hal_rcc.o(.constdata)
    .constdata                               0x08002bea   Section       16  system_stm32f1xx.o(.constdata)
    .constdata                               0x08002bfa   Section        8  system_stm32f1xx.o(.constdata)
    .data                                    0x20000000   Section        4  ntp.o(.data)
    test                                     0x20000000   Data           4  ntp.o(.data)
    .data                                    0x20000004   Section        4  hv5812.o(.data)
    dataTransBuffer                          0x20000004   Data           4  hv5812.o(.data)
    .data                                    0x20000008   Section        1  iic_soft.o(.data)
    .data                                    0x2000000c   Section       12  stm32f1xx_hal.o(.data)
    .data                                    0x20000018   Section        4  system_stm32f1xx.o(.data)
    .bss                                     0x2000001c   Section      255  ntp.o(.bss)
    recvBuffer                               0x2000001c   Data         255  ntp.o(.bss)
    .bss                                     0x2000011c   Section      288  esp8285.o(.bss)
    AT_CIPSEND_FIX_LENGTH_FRAME              0x2000021b   Data          16  esp8285.o(.bss)
    ESP8285_AT_CIPSEND_FIX_LENGTH            0x2000022c   Data          16  esp8285.o(.bss)
    .bss                                     0x2000023c   Section       10  misc.o(.bss)
    .bss                                     0x20000248   Section       16  iic_soft.o(.bss)
    SoftIIC_Config                           0x20000248   Data          16  iic_soft.o(.bss)
    .bss                                     0x20000258   Section      176  spi.o(.bss)
    .bss                                     0x20000308   Section       72  tim.o(.bss)
    .bss                                     0x20000350   Section      208  usart.o(.bss)
    .bss                                     0x20000420   Section       96  libspace.o(.bss)
    HEAP                                     0x20000480   Section      512  startup_stm32f103xb.o(HEAP)
    Heap_Mem                                 0x20000480   Data         512  startup_stm32f103xb.o(HEAP)
    STACK                                    0x20000680   Section     1024  startup_stm32f103xb.o(STACK)
    Stack_Mem                                0x20000680   Data        1024  startup_stm32f103xb.o(STACK)
    __initial_sp                             0x20000a80   Data           0  startup_stm32f103xb.o(STACK)

    Global Symbols

    Symbol Name                              Value     Ov Type        Size  Object(Section)

    BuildAttributes$$THM_ISAv4$P$D$K$B$S$PE$A:L22UL41UL21$X:L11$S22US41US21$IEEE1$IW$USESV6$~STKCKD$USESV7$~SHL$OSPACE$ROPI$EBA8$UX$STANDARDLIB$REQ8$PRES8$EABIv2 0x00000000   Number         0  anon$$obj.o ABSOLUTE
    __ARM_use_no_argv                        0x00000000   Number         0  main.o ABSOLUTE
    __ARM_exceptions_init                     - Undefined Weak Reference
    __alloca_initialize                       - Undefined Weak Reference
    __arm_fini_                               - Undefined Weak Reference
    __arm_preinit_                            - Undefined Weak Reference
    __cpp_initialize__aeabi_                  - Undefined Weak Reference
    __cxa_finalize                            - Undefined Weak Reference
    __rt_locale                               - Undefined Weak Reference
    __sigvec_lookup                           - Undefined Weak Reference
    _atexit_init                              - Undefined Weak Reference
    _call_atexit_fns                          - Undefined Weak Reference
    _clock_init                               - Undefined Weak Reference
    _fp_trap_init                             - Undefined Weak Reference
    _fp_trap_shutdown                         - Undefined Weak Reference
    _get_lc_collate                           - Undefined Weak Reference
    _get_lc_ctype                             - Undefined Weak Reference
    _get_lc_monetary                          - Undefined Weak Reference
    _get_lc_numeric                           - Undefined Weak Reference
    _get_lc_time                              - Undefined Weak Reference
    _getenv_init                              - Undefined Weak Reference
    _handle_redirection                       - Undefined Weak Reference
    _init_alloc                               - Undefined Weak Reference
    _init_user_alloc                          - Undefined Weak Reference
    _initio                                   - Undefined Weak Reference
    _printf_mbtowc                            - Undefined Weak Reference
    _printf_post_padding                      - Undefined Weak Reference
    _printf_pre_padding                       - Undefined Weak Reference
    _printf_truncate_signed                   - Undefined Weak Reference
    _printf_truncate_unsigned                 - Undefined Weak Reference
    _rand_init                                - Undefined Weak Reference
    _signal_finish                            - Undefined Weak Reference
    _signal_init                              - Undefined Weak Reference
    _terminate_alloc                          - Undefined Weak Reference
    _terminate_user_alloc                     - Undefined Weak Reference
    _terminateio                              - Undefined Weak Reference
    __Vectors_Size                           0x000000ec   Number         0  startup_stm32f103xb.o ABSOLUTE
    __Vectors                                0x08000000   Data           4  startup_stm32f103xb.o(RESET)
    __Vectors_End                            0x080000ec   Data           0  startup_stm32f103xb.o(RESET)
    __main                                   0x080000ed   Thumb Code     8  __main.o(!!!main)
    __scatterload                            0x080000f5   Thumb Code     0  __scatter.o(!!!scatter)
    __scatterload_rt2                        0x080000f5   Thumb Code    44  __scatter.o(!!!scatter)
    __scatterload_rt2_thumb_only             0x080000f5   Thumb Code     0  __scatter.o(!!!scatter)
    __scatterload_null                       0x08000103   Thumb Code     0  __scatter.o(!!!scatter)
    __scatterload_copy                       0x08000129   Thumb Code    26  __scatter_copy.o(!!handler_copy)
    __scatterload_zeroinit                   0x08000145   Thumb Code    28  __scatter_zi.o(!!handler_zi)
    _printf_d                                0x08000161   Thumb Code     0  _printf_d.o(.ARM.Collect$$_printf_percent$$00000009)
    _printf_percent                          0x08000161   Thumb Code     0  _printf_percent.o(.ARM.Collect$$_printf_percent$$00000000)
    _printf_s                                0x08000167   Thumb Code     0  _printf_s.o(.ARM.Collect$$_printf_percent$$00000014)
    _printf_percent_end                      0x0800016d   Thumb Code     0  _printf_percent_end.o(.ARM.Collect$$_printf_percent$$00000017)
    __rt_lib_init                            0x08000171   Thumb Code     0  libinit.o(.ARM.Collect$$libinit$$00000000)
    __rt_lib_init_alloca_1                   0x08000173   Thumb Code     0  libinit2.o(.ARM.Collect$$libinit$$0000002E)
    __rt_lib_init_argv_1                     0x08000173   Thumb Code     0  libinit2.o(.ARM.Collect$$libinit$$0000002C)
    __rt_lib_init_atexit_1                   0x08000173   Thumb Code     0  libinit2.o(.ARM.Collect$$libinit$$0000001B)
    __rt_lib_init_clock_1                    0x08000173   Thumb Code     0  libinit2.o(.ARM.Collect$$libinit$$00000021)
    __rt_lib_init_cpp_1                      0x08000173   Thumb Code     0  libinit2.o(.ARM.Collect$$libinit$$00000032)
    __rt_lib_init_exceptions_1               0x08000173   Thumb Code     0  libinit2.o(.ARM.Collect$$libinit$$00000030)
    __rt_lib_init_fp_1                       0x08000173   Thumb Code     0  libinit2.o(.ARM.Collect$$libinit$$00000002)
    __rt_lib_init_fp_trap_1                  0x08000173   Thumb Code     0  libinit2.o(.ARM.Collect$$libinit$$0000001F)
    __rt_lib_init_getenv_1                   0x08000173   Thumb Code     0  libinit2.o(.ARM.Collect$$libinit$$00000023)
    __rt_lib_init_heap_1                     0x08000173   Thumb Code     0  libinit2.o(.ARM.Collect$$libinit$$0000000A)
    __rt_lib_init_lc_collate_1               0x08000173   Thumb Code     0  libinit2.o(.ARM.Collect$$libinit$$00000011)
    __rt_lib_init_lc_ctype_1                 0x08000173   Thumb Code     0  libinit2.o(.ARM.Collect$$libinit$$00000013)
    __rt_lib_init_lc_monetary_1              0x08000173   Thumb Code     0  libinit2.o(.ARM.Collect$$libinit$$00000015)
    __rt_lib_init_lc_numeric_1               0x08000173   Thumb Code     0  libinit2.o(.ARM.Collect$$libinit$$00000017)
    __rt_lib_init_lc_time_1                  0x08000173   Thumb Code     0  libinit2.o(.ARM.Collect$$libinit$$00000019)
    __rt_lib_init_preinit_1                  0x08000173   Thumb Code     0  libinit2.o(.ARM.Collect$$libinit$$00000004)
    __rt_lib_init_rand_1                     0x08000173   Thumb Code     0  libinit2.o(.ARM.Collect$$libinit$$0000000E)
    __rt_lib_init_return                     0x08000173   Thumb Code     0  libinit2.o(.ARM.Collect$$libinit$$00000033)
    __rt_lib_init_signal_1                   0x08000173   Thumb Code     0  libinit2.o(.ARM.Collect$$libinit$$0000001D)
    __rt_lib_init_stdio_1                    0x08000173   Thumb Code     0  libinit2.o(.ARM.Collect$$libinit$$00000025)
    __rt_lib_init_user_alloc_1               0x08000173   Thumb Code     0  libinit2.o(.ARM.Collect$$libinit$$0000000C)
    __rt_lib_shutdown                        0x08000175   Thumb Code     0  libshutdown.o(.ARM.Collect$$libshutdown$$00000000)
    __rt_lib_shutdown_cpp_1                  0x08000177   Thumb Code     0  libshutdown2.o(.ARM.Collect$$libshutdown$$00000004)
    __rt_lib_shutdown_fini_1                 0x08000177   Thumb Code     0  libshutdown2.o(.ARM.Collect$$libshutdown$$00000002)
    __rt_lib_shutdown_fp_trap_1              0x08000177   Thumb Code     0  libshutdown2.o(.ARM.Collect$$libshutdown$$00000009)
    __rt_lib_shutdown_heap_1                 0x08000177   Thumb Code     0  libshutdown2.o(.ARM.Collect$$libshutdown$$00000011)
    __rt_lib_shutdown_return                 0x08000177   Thumb Code     0  libshutdown2.o(.ARM.Collect$$libshutdown$$00000012)
    __rt_lib_shutdown_signal_1               0x08000177   Thumb Code     0  libshutdown2.o(.ARM.Collect$$libshutdown$$0000000C)
    __rt_lib_shutdown_stdio_1                0x08000177   Thumb Code     0  libshutdown2.o(.ARM.Collect$$libshutdown$$00000006)
    __rt_lib_shutdown_user_alloc_1           0x08000177   Thumb Code     0  libshutdown2.o(.ARM.Collect$$libshutdown$$0000000E)
    __rt_entry                               0x08000179   Thumb Code     0  __rtentry.o(.ARM.Collect$$rtentry$$00000000)
    __rt_entry_presh_1                       0x08000179   Thumb Code     0  __rtentry2.o(.ARM.Collect$$rtentry$$00000002)
    __rt_entry_sh                            0x08000179   Thumb Code     0  __rtentry4.o(.ARM.Collect$$rtentry$$00000004)
    __rt_entry_li                            0x0800017f   Thumb Code     0  __rtentry2.o(.ARM.Collect$$rtentry$$0000000A)
    __rt_entry_postsh_1                      0x0800017f   Thumb Code     0  __rtentry2.o(.ARM.Collect$$rtentry$$00000009)
    __rt_entry_main                          0x08000183   Thumb Code     0  __rtentry2.o(.ARM.Collect$$rtentry$$0000000D)
    __rt_entry_postli_1                      0x08000183   Thumb Code     0  __rtentry2.o(.ARM.Collect$$rtentry$$0000000C)
    __rt_exit                                0x0800018b   Thumb Code     0  rtexit.o(.ARM.Collect$$rtexit$$00000000)
    __rt_exit_ls                             0x0800018d   Thumb Code     0  rtexit2.o(.ARM.Collect$$rtexit$$00000003)
    __rt_exit_prels_1                        0x0800018d   Thumb Code     0  rtexit2.o(.ARM.Collect$$rtexit$$00000002)
    __rt_exit_exit                           0x08000191   Thumb Code     0  rtexit2.o(.ARM.Collect$$rtexit$$00000004)
    Reset_Handler                            0x08000199   Thumb Code     8  startup_stm32f103xb.o(.text)
    ADC1_2_IRQHandler                        0x080001b3   Thumb Code     0  startup_stm32f103xb.o(.text)
    CAN1_RX1_IRQHandler                      0x080001b3   Thumb Code     0  startup_stm32f103xb.o(.text)
    CAN1_SCE_IRQHandler                      0x080001b3   Thumb Code     0  startup_stm32f103xb.o(.text)
    DMA1_Channel1_IRQHandler                 0x080001b3   Thumb Code     0  startup_stm32f103xb.o(.text)
    DMA1_Channel4_IRQHandler                 0x080001b3   Thumb Code     0  startup_stm32f103xb.o(.text)
    DMA1_Channel5_IRQHandler                 0x080001b3   Thumb Code     0  startup_stm32f103xb.o(.text)
    DMA1_Channel6_IRQHandler                 0x080001b3   Thumb Code     0  startup_stm32f103xb.o(.text)
    DMA1_Channel7_IRQHandler                 0x080001b3   Thumb Code     0  startup_stm32f103xb.o(.text)
    EXTI0_IRQHandler                         0x080001b3   Thumb Code     0  startup_stm32f103xb.o(.text)
    EXTI1_IRQHandler                         0x080001b3   Thumb Code     0  startup_stm32f103xb.o(.text)
    EXTI2_IRQHandler                         0x080001b3   Thumb Code     0  startup_stm32f103xb.o(.text)
    EXTI3_IRQHandler                         0x080001b3   Thumb Code     0  startup_stm32f103xb.o(.text)
    EXTI4_IRQHandler                         0x080001b3   Thumb Code     0  startup_stm32f103xb.o(.text)
    EXTI9_5_IRQHandler                       0x080001b3   Thumb Code     0  startup_stm32f103xb.o(.text)
    FLASH_IRQHandler                         0x080001b3   Thumb Code     0  startup_stm32f103xb.o(.text)
    I2C1_ER_IRQHandler                       0x080001b3   Thumb Code     0  startup_stm32f103xb.o(.text)
    I2C1_EV_IRQHandler                       0x080001b3   Thumb Code     0  startup_stm32f103xb.o(.text)
    I2C2_ER_IRQHandler                       0x080001b3   Thumb Code     0  startup_stm32f103xb.o(.text)
    I2C2_EV_IRQHandler                       0x080001b3   Thumb Code     0  startup_stm32f103xb.o(.text)
    PVD_IRQHandler                           0x080001b3   Thumb Code     0  startup_stm32f103xb.o(.text)
    RCC_IRQHandler                           0x080001b3   Thumb Code     0  startup_stm32f103xb.o(.text)
    RTC_Alarm_IRQHandler                     0x080001b3   Thumb Code     0  startup_stm32f103xb.o(.text)
    RTC_IRQHandler                           0x080001b3   Thumb Code     0  startup_stm32f103xb.o(.text)
    SPI1_IRQHandler                          0x080001b3   Thumb Code     0  startup_stm32f103xb.o(.text)
    SPI2_IRQHandler                          0x080001b3   Thumb Code     0  startup_stm32f103xb.o(.text)
    TAMPER_IRQHandler                        0x080001b3   Thumb Code     0  startup_stm32f103xb.o(.text)
    TIM1_BRK_IRQHandler                      0x080001b3   Thumb Code     0  startup_stm32f103xb.o(.text)
    TIM1_CC_IRQHandler                       0x080001b3   Thumb Code     0  startup_stm32f103xb.o(.text)
    TIM1_TRG_COM_IRQHandler                  0x080001b3   Thumb Code     0  startup_stm32f103xb.o(.text)
    TIM1_UP_IRQHandler                       0x080001b3   Thumb Code     0  startup_stm32f103xb.o(.text)
    TIM2_IRQHandler                          0x080001b3   Thumb Code     0  startup_stm32f103xb.o(.text)
    TIM3_IRQHandler                          0x080001b3   Thumb Code     0  startup_stm32f103xb.o(.text)
    TIM4_IRQHandler                          0x080001b3   Thumb Code     0  startup_stm32f103xb.o(.text)
    USART1_IRQHandler                        0x080001b3   Thumb Code     0  startup_stm32f103xb.o(.text)
    USART2_IRQHandler                        0x080001b3   Thumb Code     0  startup_stm32f103xb.o(.text)
    USBWakeUp_IRQHandler                     0x080001b3   Thumb Code     0  startup_stm32f103xb.o(.text)
    USB_HP_CAN1_TX_IRQHandler                0x080001b3   Thumb Code     0  startup_stm32f103xb.o(.text)
    USB_LP_CAN1_RX0_IRQHandler               0x080001b3   Thumb Code     0  startup_stm32f103xb.o(.text)
    WWDG_IRQHandler                          0x080001b3   Thumb Code     0  startup_stm32f103xb.o(.text)
    __user_initial_stackheap                 0x080001b5   Thumb Code     0  startup_stm32f103xb.o(.text)
    __2sprintf                               0x080001d9   Thumb Code    34  noretval__2sprintf.o(.text)
    __printf                                 0x08000201   Thumb Code   104  __printf.o(.text)
    _printf_str                              0x08000269   Thumb Code    82  _printf_str.o(.text)
    _printf_int_dec                          0x080002bd   Thumb Code   104  _printf_dec.o(.text)
    strstr                                   0x08000335   Thumb Code    36  strstr.o(.text)
    __aeabi_memclr4                          0x08000359   Thumb Code     0  rt_memclr_w.o(.text)
    __aeabi_memclr8                          0x08000359   Thumb Code     0  rt_memclr_w.o(.text)
    __rt_memclr_w                            0x08000359   Thumb Code    78  rt_memclr_w.o(.text)
    _memset_w                                0x0800035d   Thumb Code     0  rt_memclr_w.o(.text)
    __use_two_region_memory                  0x080003a7   Thumb Code     2  heapauxi.o(.text)
    __rt_heap_escrow$2region                 0x080003a9   Thumb Code     2  heapauxi.o(.text)
    __rt_heap_expand$2region                 0x080003ab   Thumb Code     2  heapauxi.o(.text)
    _printf_int_common                       0x080003ad   Thumb Code   178  _printf_intcommon.o(.text)
    _printf_char_common                      0x0800046b   Thumb Code    32  _printf_char_common.o(.text)
    _sputc                                   0x08000491   Thumb Code    10  _sputc.o(.text)
    _printf_cs_common                        0x0800049b   Thumb Code    20  _printf_char.o(.text)
    _printf_char                             0x080004af   Thumb Code    16  _printf_char.o(.text)
    _printf_string                           0x080004bf   Thumb Code     8  _printf_char.o(.text)
    __user_setup_stackheap                   0x080004c7   Thumb Code    74  sys_stackheap_outer.o(.text)
    exit                                     0x08000511   Thumb Code    18  exit.o(.text)
    __user_libspace                          0x08000525   Thumb Code     8  libspace.o(.text)
    __user_perproc_libspace                  0x08000525   Thumb Code     0  libspace.o(.text)
    __user_perthread_libspace                0x08000525   Thumb Code     0  libspace.o(.text)
    _sys_exit                                0x0800052d   Thumb Code     8  sys_exit.o(.text)
    __I$use$semihosting                      0x08000539   Thumb Code     0  use_no_semi.o(.text)
    __use_no_semihosting_swi                 0x08000539   Thumb Code     2  use_no_semi.o(.text)
    BusFault_Handler                         0x0800053b   Thumb Code     2  stm32f1xx_it.o(i.BusFault_Handler)
    __semihosting_library_function           0x0800053b   Thumb Code     0  indicate_semi.o(.text)
    DMA1_Channel2_IRQHandler                 0x0800053d   Thumb Code     6  stm32f1xx_it.o(i.DMA1_Channel2_IRQHandler)
    DMA1_Channel3_IRQHandler                 0x08000549   Thumb Code     6  stm32f1xx_it.o(i.DMA1_Channel3_IRQHandler)
    DS3231_Init                              0x08000555   Thumb Code    50  ds3231.o(i.DS3231_Init)
    DS3231_gettime                           0x0800058d   Thumb Code    86  ds3231.o(i.DS3231_gettime)
    DebugMon_Handler                         0x080005e3   Thumb Code     2  stm32f1xx_it.o(i.DebugMon_Handler)
    ESP8285_AT_Command_Send                  0x080005e5   Thumb Code    52  esp8285.o(i.ESP8285_AT_Command_Send)
    ESP8285_CipSend_FixLength                0x08000621   Thumb Code    90  esp8285.o(i.ESP8285_CipSend_FixLength)
    ESP8285_Init                             0x08000691   Thumb Code    10  esp8285.o(i.ESP8285_Init)
    EXTI15_10_IRQHandler                     0x0800069b   Thumb Code    22  stm32f1xx_it.o(i.EXTI15_10_IRQHandler)
    Error_Handler                            0x080006b1   Thumb Code     4  main.o(i.Error_Handler)
    GetNtpInit                               0x080006c5   Thumb Code    84  ntp.o(i.GetNtpInit)
    HAL_DMA_Abort                            0x08000735   Thumb Code    70  stm32f1xx_hal_dma.o(i.HAL_DMA_Abort)
    HAL_DMA_Abort_IT                         0x0800077d   Thumb Code   148  stm32f1xx_hal_dma.o(i.HAL_DMA_Abort_IT)
    HAL_DMA_IRQHandler                       0x08000815   Thumb Code   320  stm32f1xx_hal_dma.o(i.HAL_DMA_IRQHandler)
    HAL_DMA_Init                             0x0800096d   Thumb Code    84  stm32f1xx_hal_dma.o(i.HAL_DMA_Init)
    HAL_Delay                                0x080009c9   Thumb Code    32  stm32f1xx_hal.o(i.HAL_Delay)
    HAL_Delay_us                             0x080009ed   Thumb Code    48  iic_soft.o(i.HAL_Delay_us)
    HAL_GPIO_EXTI_Callback                   0x08000a21   Thumb Code    16  misc.o(i.HAL_GPIO_EXTI_Callback)
    HAL_GPIO_EXTI_IRQHandler                 0x08000a35   Thumb Code    18  stm32f1xx_hal_gpio.o(i.HAL_GPIO_EXTI_IRQHandler)
    HAL_GPIO_Init                            0x08000a4d   Thumb Code   426  stm32f1xx_hal_gpio.o(i.HAL_GPIO_Init)
    HAL_GPIO_ReadPin                         0x08000c19   Thumb Code    10  stm32f1xx_hal_gpio.o(i.HAL_GPIO_ReadPin)
    HAL_GPIO_WritePin                        0x08000c23   Thumb Code    10  stm32f1xx_hal_gpio.o(i.HAL_GPIO_WritePin)
    HAL_GetTick                              0x08000c2d   Thumb Code     6  stm32f1xx_hal.o(i.HAL_GetTick)
    HAL_IncTick                              0x08000c39   Thumb Code    12  stm32f1xx_hal.o(i.HAL_IncTick)
    HAL_Init                                 0x08000c49   Thumb Code    32  stm32f1xx_hal.o(i.HAL_Init)
    HAL_InitTick                             0x08000c6d   Thumb Code    54  stm32f1xx_hal.o(i.HAL_InitTick)
    HAL_MspInit                              0x08000cad   Thumb Code    38  stm32f1xx_hal_msp.o(i.HAL_MspInit)
    HAL_NVIC_EnableIRQ                       0x08000cd9   Thumb Code    26  stm32f1xx_hal_cortex.o(i.HAL_NVIC_EnableIRQ)
    HAL_NVIC_SetPriority                     0x08000cf5   Thumb Code    60  stm32f1xx_hal_cortex.o(i.HAL_NVIC_SetPriority)
    HAL_NVIC_SetPriorityGrouping             0x08000d35   Thumb Code    26  stm32f1xx_hal_cortex.o(i.HAL_NVIC_SetPriorityGrouping)
    HAL_RCC_ClockConfig                      0x08000d59   Thumb Code   292  stm32f1xx_hal_rcc.o(i.HAL_RCC_ClockConfig)
    HAL_RCC_GetPCLK1Freq                     0x08000e91   Thumb Code    20  stm32f1xx_hal_rcc.o(i.HAL_RCC_GetPCLK1Freq)
    HAL_RCC_GetPCLK2Freq                     0x08000eb1   Thumb Code    20  stm32f1xx_hal_rcc.o(i.HAL_RCC_GetPCLK2Freq)
    HAL_RCC_GetSysClockFreq                  0x08000ed1   Thumb Code    58  stm32f1xx_hal_rcc.o(i.HAL_RCC_GetSysClockFreq)
    HAL_RCC_OscConfig                        0x08000f1d   Thumb Code   770  stm32f1xx_hal_rcc.o(i.HAL_RCC_OscConfig)
    HAL_SPI_Init                             0x08001235   Thumb Code   178  stm32f1xx_hal_spi.o(i.HAL_SPI_Init)
    HAL_SPI_MspInit                          0x080012e9   Thumb Code   154  spi.o(i.HAL_SPI_MspInit)
    HAL_SPI_Transmit                         0x08001399   Thumb Code   362  stm32f1xx_hal_spi.o(i.HAL_SPI_Transmit)
    HAL_SYSTICK_Config                       0x08001503   Thumb Code    40  stm32f1xx_hal_cortex.o(i.HAL_SYSTICK_Config)
    HAL_TIMEx_ConfigBreakDeadTime            0x0800152b   Thumb Code    84  stm32f1xx_hal_tim_ex.o(i.HAL_TIMEx_ConfigBreakDeadTime)
    HAL_TIMEx_MasterConfigSynchronization    0x08001581   Thumb Code    92  stm32f1xx_hal_tim_ex.o(i.HAL_TIMEx_MasterConfigSynchronization)
    HAL_TIM_Base_Init                        0x080015e9   Thumb Code    90  stm32f1xx_hal_tim.o(i.HAL_TIM_Base_Init)
    HAL_TIM_Base_MspInit                     0x08001645   Thumb Code    30  tim.o(i.HAL_TIM_Base_MspInit)
    HAL_TIM_ConfigClockSource                0x0800166d   Thumb Code   220  stm32f1xx_hal_tim.o(i.HAL_TIM_ConfigClockSource)
    HAL_TIM_MspPostInit                      0x08001749   Thumb Code    64  tim.o(i.HAL_TIM_MspPostInit)
    HAL_TIM_PWM_ConfigChannel                0x08001795   Thumb Code   204  stm32f1xx_hal_tim.o(i.HAL_TIM_PWM_ConfigChannel)
    HAL_TIM_PWM_Init                         0x08001861   Thumb Code    90  stm32f1xx_hal_tim.o(i.HAL_TIM_PWM_Init)
    HAL_TIM_PWM_MspInit                      0x080018bb   Thumb Code     2  stm32f1xx_hal_tim.o(i.HAL_TIM_PWM_MspInit)
    HAL_UARTEx_RxEventCallback               0x080018bd   Thumb Code     4  esp8285.o(i.HAL_UARTEx_RxEventCallback)
    HAL_UART_ErrorCallback                   0x080018c1   Thumb Code     2  stm32f1xx_hal_uart.o(i.HAL_UART_ErrorCallback)
    HAL_UART_IRQHandler                      0x080018c5   Thumb Code   616  stm32f1xx_hal_uart.o(i.HAL_UART_IRQHandler)
    HAL_UART_Init                            0x08001b31   Thumb Code   100  stm32f1xx_hal_uart.o(i.HAL_UART_Init)
    HAL_UART_MspInit                         0x08001b95   Thumb Code   200  usart.o(i.HAL_UART_MspInit)
    HAL_UART_Receive                         0x08001c71   Thumb Code   172  stm32f1xx_hal_uart.o(i.HAL_UART_Receive)
    HAL_UART_RxCpltCallback                  0x08001d1d   Thumb Code     2  stm32f1xx_hal_uart.o(i.HAL_UART_RxCpltCallback)
    HAL_UART_Transmit                        0x08001d1f   Thumb Code   154  stm32f1xx_hal_uart.o(i.HAL_UART_Transmit)
    HAL_UART_TxCpltCallback                  0x08001db9   Thumb Code     2  stm32f1xx_hal_uart.o(i.HAL_UART_TxCpltCallback)
    HV5812_Init                              0x08001dbd   Thumb Code    52  hv5812.o(i.HV5812_Init)
    HV5812_Refresh                           0x08001e01   Thumb Code    30  hv5812.o(i.HV5812_Refresh)
    HV5812_Write                             0x08001e25   Thumb Code    26  hv5812.o(i.HV5812_Write)
    HardFault_Handler                        0x08001e49   Thumb Code     2  stm32f1xx_it.o(i.HardFault_Handler)
    MX_DMA_Init                              0x08001ed9   Thumb Code    56  dma.o(i.MX_DMA_Init)
    MX_GPIO_Init                             0x08001f15   Thumb Code   260  gpio.o(i.MX_GPIO_Init)
    MX_SPI1_Init                             0x0800202d   Thumb Code    62  spi.o(i.MX_SPI1_Init)
    MX_TIM1_Init                             0x08002075   Thumb Code   198  tim.o(i.MX_TIM1_Init)
    MX_USART3_UART_Init                      0x08002145   Thumb Code    48  usart.o(i.MX_USART3_UART_Init)
    MemManage_Handler                        0x0800217d   Thumb Code     2  stm32f1xx_it.o(i.MemManage_Handler)
    Misc_Init                                0x08002181   Thumb Code    16  misc.o(i.Misc_Init)
    MyI2C_R_SDA                              0x08002195   Thumb Code    26  iic_soft.o(i.MyI2C_R_SDA)
    MyI2C_W_SCL                              0x080021b5   Thumb Code    26  iic_soft.o(i.MyI2C_W_SCL)
    MyI2C_W_SDA                              0x080021d5   Thumb Code    26  iic_soft.o(i.MyI2C_W_SDA)
    NMI_Handler                              0x080021f5   Thumb Code     2  stm32f1xx_it.o(i.NMI_Handler)
    PendSV_Handler                           0x080021f7   Thumb Code     2  stm32f1xx_it.o(i.PendSV_Handler)
    SVC_Handler                              0x080022d1   Thumb Code     2  stm32f1xx_it.o(i.SVC_Handler)
    SoftIIC_Init                             0x080022d5   Thumb Code   196  iic_soft.o(i.SoftIIC_Init)
    SoftIIC_ReceiveAck                       0x080023b1   Thumb Code    30  iic_soft.o(i.SoftIIC_ReceiveAck)
    SoftIIC_ReceiveByte                      0x080023cf   Thumb Code    52  iic_soft.o(i.SoftIIC_ReceiveByte)
    SoftIIC_SendByte                         0x08002403   Thumb Code    40  iic_soft.o(i.SoftIIC_SendByte)
    SoftIIC_Start                            0x0800242b   Thumb Code    30  iic_soft.o(i.SoftIIC_Start)
    SoftIIC_Stop                             0x08002449   Thumb Code    24  iic_soft.o(i.SoftIIC_Stop)
    SysTick_Handler                          0x08002461   Thumb Code     4  stm32f1xx_it.o(i.SysTick_Handler)
    SystemClock_Config                       0x08002465   Thumb Code    92  main.o(i.SystemClock_Config)
    SystemInit                               0x080024c1   Thumb Code     2  system_stm32f1xx.o(i.SystemInit)
    TIM_Base_SetConfig                       0x080024c5   Thumb Code    94  stm32f1xx_hal_tim.o(i.TIM_Base_SetConfig)
    TIM_ETR_SetConfig                        0x08002531   Thumb Code    20  stm32f1xx_hal_tim.o(i.TIM_ETR_SetConfig)
    TIM_OC2_SetConfig                        0x080025ad   Thumb Code    86  stm32f1xx_hal_tim.o(i.TIM_OC2_SetConfig)
    USART3_IRQHandler                        0x0800293d   Thumb Code     6  stm32f1xx_it.o(i.USART3_IRQHandler)
    UsageFault_Handler                       0x08002949   Thumb Code     2  stm32f1xx_it.o(i.UsageFault_Handler)
    Vfd_Clock_Screen                         0x0800294d   Thumb Code   214  vfd.o(i.Vfd_Clock_Screen)
    Vfd_Init                                 0x08002a31   Thumb Code     4  vfd.o(i.Vfd_Init)
    main                                     0x08002a67   Thumb Code    44  main.o(i.main)
    AT_CIPSEND_FIX_LENGTH_HEADER             0x08002b44   Data          12  esp8285.o(.constdata)
    AT                                       0x08002b50   Data           5  esp8285.o(.constdata)
    AT_CWMODE_1                              0x08002b55   Data          14  esp8285.o(.constdata)
    AT_AP_CONNECT                            0x08002b63   Data          36  esp8285.o(.constdata)
    AT_CIPMUX                                0x08002b87   Data          14  esp8285.o(.constdata)
    ESP8285_AT_CONNECT_CONFIRM               0x08002b98   Data          16  esp8285.o(.constdata)
    ESP8285_AT_STA_MODE_SET                  0x08002ba8   Data          16  esp8285.o(.constdata)
    ESP8285_AT_AP_CONNECT                    0x08002bb8   Data          16  esp8285.o(.constdata)
    ESP8285_AT_CIPMUX                        0x08002bc8   Data          16  esp8285.o(.constdata)
    AHBPrescTable                            0x08002bea   Data          16  system_stm32f1xx.o(.constdata)
    APBPrescTable                            0x08002bfa   Data           8  system_stm32f1xx.o(.constdata)
    Region$$Table$$Base                      0x08002c04   Number         0  anon$$obj.o(Region$$Table)
    Region$$Table$$Limit                     0x08002c24   Number         0  anon$$obj.o(Region$$Table)
    fac_us                                   0x20000008   Data           1  iic_soft.o(.data)
    uwTickFreq                               0x2000000c   Data           1  stm32f1xx_hal.o(.data)
    uwTickPrio                               0x20000010   Data           4  stm32f1xx_hal.o(.data)
    uwTick                                   0x20000014   Data           4  stm32f1xx_hal.o(.data)
    SystemCoreClock                          0x20000018   Data           4  system_stm32f1xx.o(.data)
    Esp8285RecvBuffer                        0x2000011c   Data         255  esp8285.o(.bss)
    Ds3231Time                               0x2000023c   Data          10  misc.o(.bss)
    hspi1                                    0x20000258   Data          88  spi.o(.bss)
    hspi2                                    0x200002b0   Data          88  spi.o(.bss)
    htim1                                    0x20000308   Data          72  tim.o(.bss)
    huart3                                   0x20000350   Data          72  usart.o(.bss)
    hdma_usart3_rx                           0x20000398   Data          68  usart.o(.bss)
    hdma_usart3_tx                           0x200003dc   Data          68  usart.o(.bss)
    __libspace_start                         0x20000420   Data          96  libspace.o(.bss)
    __temporary_stack_top$libspace           0x20000480   Data           0  libspace.o(.bss)



==============================================================================

Memory Map of the image

  Image Entry point : 0x080000ed

  Load Region LR_IROM1 (Base: 0x08000000, Size: 0x00002c40, Max: 0x00010000, ABSOLUTE)

    Execution Region ER_IROM1 (Exec base: 0x08000000, Load base: 0x08000000, Size: 0x00002c24, Max: 0x00010000, ABSOLUTE)

    Exec Addr    Load Addr    Size         Type   Attr      Idx    E Section Name        Object

    0x08000000   0x08000000   0x000000ec   Data   RO          859    RESET               startup_stm32f103xb.o
    0x080000ec   0x080000ec   0x00000008   Code   RO         3616  * !!!main             c_w.l(__main.o)
    0x080000f4   0x080000f4   0x00000034   Code   RO         3786    !!!scatter          c_w.l(__scatter.o)
    0x08000128   0x08000128   0x0000001a   Code   RO         3788    !!handler_copy      c_w.l(__scatter_copy.o)
    0x08000142   0x08000142   0x00000002   PAD
    0x08000144   0x08000144   0x0000001c   Code   RO         3790    !!handler_zi        c_w.l(__scatter_zi.o)
    0x08000160   0x08000160   0x00000000   Code   RO         3609    .ARM.Collect$$_printf_percent$$00000000  c_w.l(_printf_percent.o)
    0x08000160   0x08000160   0x00000006   Code   RO         3608    .ARM.Collect$$_printf_percent$$00000009  c_w.l(_printf_d.o)
    0x08000166   0x08000166   0x00000006   Code   RO         3607    .ARM.Collect$$_printf_percent$$00000014  c_w.l(_printf_s.o)
    0x0800016c   0x0800016c   0x00000004   Code   RO         3627    .ARM.Collect$$_printf_percent$$00000017  c_w.l(_printf_percent_end.o)
    0x08000170   0x08000170   0x00000002   Code   RO         3654    .ARM.Collect$$libinit$$00000000  c_w.l(libinit.o)
    0x08000172   0x08000172   0x00000000   Code   RO         3661    .ARM.Collect$$libinit$$00000002  c_w.l(libinit2.o)
    0x08000172   0x08000172   0x00000000   Code   RO         3663    .ARM.Collect$$libinit$$00000004  c_w.l(libinit2.o)
    0x08000172   0x08000172   0x00000000   Code   RO         3666    .ARM.Collect$$libinit$$0000000A  c_w.l(libinit2.o)
    0x08000172   0x08000172   0x00000000   Code   RO         3668    .ARM.Collect$$libinit$$0000000C  c_w.l(libinit2.o)
    0x08000172   0x08000172   0x00000000   Code   RO         3670    .ARM.Collect$$libinit$$0000000E  c_w.l(libinit2.o)
    0x08000172   0x08000172   0x00000000   Code   RO         3673    .ARM.Collect$$libinit$$00000011  c_w.l(libinit2.o)
    0x08000172   0x08000172   0x00000000   Code   RO         3675    .ARM.Collect$$libinit$$00000013  c_w.l(libinit2.o)
    0x08000172   0x08000172   0x00000000   Code   RO         3677    .ARM.Collect$$libinit$$00000015  c_w.l(libinit2.o)
    0x08000172   0x08000172   0x00000000   Code   RO         3679    .ARM.Collect$$libinit$$00000017  c_w.l(libinit2.o)
    0x08000172   0x08000172   0x00000000   Code   RO         3681    .ARM.Collect$$libinit$$00000019  c_w.l(libinit2.o)
    0x08000172   0x08000172   0x00000000   Code   RO         3683    .ARM.Collect$$libinit$$0000001B  c_w.l(libinit2.o)
    0x08000172   0x08000172   0x00000000   Code   RO         3685    .ARM.Collect$$libinit$$0000001D  c_w.l(libinit2.o)
    0x08000172   0x08000172   0x00000000   Code   RO         3687    .ARM.Collect$$libinit$$0000001F  c_w.l(libinit2.o)
    0x08000172   0x08000172   0x00000000   Code   RO         3689    .ARM.Collect$$libinit$$00000021  c_w.l(libinit2.o)
    0x08000172   0x08000172   0x00000000   Code   RO         3691    .ARM.Collect$$libinit$$00000023  c_w.l(libinit2.o)
    0x08000172   0x08000172   0x00000000   Code   RO         3693    .ARM.Collect$$libinit$$00000025  c_w.l(libinit2.o)
    0x08000172   0x08000172   0x00000000   Code   RO         3697    .ARM.Collect$$libinit$$0000002C  c_w.l(libinit2.o)
    0x08000172   0x08000172   0x00000000   Code   RO         3699    .ARM.Collect$$libinit$$0000002E  c_w.l(libinit2.o)
    0x08000172   0x08000172   0x00000000   Code   RO         3701    .ARM.Collect$$libinit$$00000030  c_w.l(libinit2.o)
    0x08000172   0x08000172   0x00000000   Code   RO         3703    .ARM.Collect$$libinit$$00000032  c_w.l(libinit2.o)
    0x08000172   0x08000172   0x00000002   Code   RO         3704    .ARM.Collect$$libinit$$00000033  c_w.l(libinit2.o)
    0x08000174   0x08000174   0x00000002   Code   RO         3724    .ARM.Collect$$libshutdown$$00000000  c_w.l(libshutdown.o)
    0x08000176   0x08000176   0x00000000   Code   RO         3737    .ARM.Collect$$libshutdown$$00000002  c_w.l(libshutdown2.o)
    0x08000176   0x08000176   0x00000000   Code   RO         3739    .ARM.Collect$$libshutdown$$00000004  c_w.l(libshutdown2.o)
    0x08000176   0x08000176   0x00000000   Code   RO         3741    .ARM.Collect$$libshutdown$$00000006  c_w.l(libshutdown2.o)
    0x08000176   0x08000176   0x00000000   Code   RO         3744    .ARM.Collect$$libshutdown$$00000009  c_w.l(libshutdown2.o)
    0x08000176   0x08000176   0x00000000   Code   RO         3747    .ARM.Collect$$libshutdown$$0000000C  c_w.l(libshutdown2.o)
    0x08000176   0x08000176   0x00000000   Code   RO         3749    .ARM.Collect$$libshutdown$$0000000E  c_w.l(libshutdown2.o)
    0x08000176   0x08000176   0x00000000   Code   RO         3752    .ARM.Collect$$libshutdown$$00000011  c_w.l(libshutdown2.o)
    0x08000176   0x08000176   0x00000002   Code   RO         3753    .ARM.Collect$$libshutdown$$00000012  c_w.l(libshutdown2.o)
    0x08000178   0x08000178   0x00000000   Code   RO         3618    .ARM.Collect$$rtentry$$00000000  c_w.l(__rtentry.o)
    0x08000178   0x08000178   0x00000000   Code   RO         3629    .ARM.Collect$$rtentry$$00000002  c_w.l(__rtentry2.o)
    0x08000178   0x08000178   0x00000006   Code   RO         3641    .ARM.Collect$$rtentry$$00000004  c_w.l(__rtentry4.o)
    0x0800017e   0x0800017e   0x00000000   Code   RO         3631    .ARM.Collect$$rtentry$$00000009  c_w.l(__rtentry2.o)
    0x0800017e   0x0800017e   0x00000004   Code   RO         3632    .ARM.Collect$$rtentry$$0000000A  c_w.l(__rtentry2.o)
    0x08000182   0x08000182   0x00000000   Code   RO         3634    .ARM.Collect$$rtentry$$0000000C  c_w.l(__rtentry2.o)
    0x08000182   0x08000182   0x00000008   Code   RO         3635    .ARM.Collect$$rtentry$$0000000D  c_w.l(__rtentry2.o)
    0x0800018a   0x0800018a   0x00000002   Code   RO         3658    .ARM.Collect$$rtexit$$00000000  c_w.l(rtexit.o)
    0x0800018c   0x0800018c   0x00000000   Code   RO         3706    .ARM.Collect$$rtexit$$00000002  c_w.l(rtexit2.o)
    0x0800018c   0x0800018c   0x00000004   Code   RO         3707    .ARM.Collect$$rtexit$$00000003  c_w.l(rtexit2.o)
    0x08000190   0x08000190   0x00000006   Code   RO         3708    .ARM.Collect$$rtexit$$00000004  c_w.l(rtexit2.o)
    0x08000196   0x08000196   0x00000002   PAD
    0x08000198   0x08000198   0x00000040   Code   RO          860    .text               startup_stm32f103xb.o
    0x080001d8   0x080001d8   0x00000028   Code   RO         3579    .text               c_w.l(noretval__2sprintf.o)
    0x08000200   0x08000200   0x00000068   Code   RO         3581    .text               c_w.l(__printf.o)
    0x08000268   0x08000268   0x00000052   Code   RO         3583    .text               c_w.l(_printf_str.o)
    0x080002ba   0x080002ba   0x00000002   PAD
    0x080002bc   0x080002bc   0x00000078   Code   RO         3585    .text               c_w.l(_printf_dec.o)
    0x08000334   0x08000334   0x00000024   Code   RO         3610    .text               c_w.l(strstr.o)
    0x08000358   0x08000358   0x0000004e   Code   RO         3612    .text               c_w.l(rt_memclr_w.o)
    0x080003a6   0x080003a6   0x00000006   Code   RO         3614    .text               c_w.l(heapauxi.o)
    0x080003ac   0x080003ac   0x000000b2   Code   RO         3619    .text               c_w.l(_printf_intcommon.o)
    0x0800045e   0x0800045e   0x00000002   PAD
    0x08000460   0x08000460   0x00000030   Code   RO         3621    .text               c_w.l(_printf_char_common.o)
    0x08000490   0x08000490   0x0000000a   Code   RO         3623    .text               c_w.l(_sputc.o)
    0x0800049a   0x0800049a   0x0000002c   Code   RO         3625    .text               c_w.l(_printf_char.o)
    0x080004c6   0x080004c6   0x0000004a   Code   RO         3645    .text               c_w.l(sys_stackheap_outer.o)
    0x08000510   0x08000510   0x00000012   Code   RO         3647    .text               c_w.l(exit.o)
    0x08000522   0x08000522   0x00000002   PAD
    0x08000524   0x08000524   0x00000008   Code   RO         3655    .text               c_w.l(libspace.o)
    0x0800052c   0x0800052c   0x0000000c   Code   RO         3716    .text               c_w.l(sys_exit.o)
    0x08000538   0x08000538   0x00000002   Code   RO         3727    .text               c_w.l(use_no_semi.o)
    0x0800053a   0x0800053a   0x00000000   Code   RO         3729    .text               c_w.l(indicate_semi.o)
    0x0800053a   0x0800053a   0x00000002   Code   RO          736    i.BusFault_Handler  stm32f1xx_it.o
    0x0800053c   0x0800053c   0x0000000c   Code   RO          737    i.DMA1_Channel2_IRQHandler  stm32f1xx_it.o
    0x08000548   0x08000548   0x0000000c   Code   RO          738    i.DMA1_Channel3_IRQHandler  stm32f1xx_it.o
    0x08000554   0x08000554   0x00000038   Code   RO          283    i.DS3231_Init       ds3231.o
    0x0800058c   0x0800058c   0x00000056   Code   RO          285    i.DS3231_gettime    ds3231.o
    0x080005e2   0x080005e2   0x00000002   Code   RO          739    i.DebugMon_Handler  stm32f1xx_it.o
    0x080005e4   0x080005e4   0x0000003c   Code   RO          349    i.ESP8285_AT_Command_Send  esp8285.o
    0x08000620   0x08000620   0x00000070   Code   RO          350    i.ESP8285_CipSend_FixLength  esp8285.o
    0x08000690   0x08000690   0x0000000a   Code   RO          351    i.ESP8285_Init      esp8285.o
    0x0800069a   0x0800069a   0x00000016   Code   RO          740    i.EXTI15_10_IRQHandler  stm32f1xx_it.o
    0x080006b0   0x080006b0   0x00000004   Code   RO            4    i.Error_Handler     main.o
    0x080006b4   0x080006b4   0x00000010   Code   RO          352    i.EspReceive        esp8285.o
    0x080006c4   0x080006c4   0x00000070   Code   RO          217    i.GetNtpInit        ntp.o
    0x08000734   0x08000734   0x00000046   Code   RO         1606    i.HAL_DMA_Abort     stm32f1xx_hal_dma.o
    0x0800077a   0x0800077a   0x00000002   PAD
    0x0800077c   0x0800077c   0x00000098   Code   RO         1607    i.HAL_DMA_Abort_IT  stm32f1xx_hal_dma.o
    0x08000814   0x08000814   0x00000158   Code   RO         1611    i.HAL_DMA_IRQHandler  stm32f1xx_hal_dma.o
    0x0800096c   0x0800096c   0x0000005c   Code   RO         1612    i.HAL_DMA_Init      stm32f1xx_hal_dma.o
    0x080009c8   0x080009c8   0x00000024   Code   RO         1232    i.HAL_Delay         stm32f1xx_hal.o
    0x080009ec   0x080009ec   0x00000034   Code   RO          458    i.HAL_Delay_us      iic_soft.o
    0x08000a20   0x08000a20   0x00000014   Code   RO          422    i.HAL_GPIO_EXTI_Callback  misc.o
    0x08000a34   0x08000a34   0x00000018   Code   RO         1541    i.HAL_GPIO_EXTI_IRQHandler  stm32f1xx_hal_gpio.o
    0x08000a4c   0x08000a4c   0x000001cc   Code   RO         1542    i.HAL_GPIO_Init     stm32f1xx_hal_gpio.o
    0x08000c18   0x08000c18   0x0000000a   Code   RO         1544    i.HAL_GPIO_ReadPin  stm32f1xx_hal_gpio.o
    0x08000c22   0x08000c22   0x0000000a   Code   RO         1546    i.HAL_GPIO_WritePin  stm32f1xx_hal_gpio.o
    0x08000c2c   0x08000c2c   0x0000000c   Code   RO         1236    i.HAL_GetTick       stm32f1xx_hal.o
    0x08000c38   0x08000c38   0x00000010   Code   RO         1242    i.HAL_IncTick       stm32f1xx_hal.o
    0x08000c48   0x08000c48   0x00000024   Code   RO         1243    i.HAL_Init          stm32f1xx_hal.o
    0x08000c6c   0x08000c6c   0x00000040   Code   RO         1244    i.HAL_InitTick      stm32f1xx_hal.o
    0x08000cac   0x08000cac   0x0000002c   Code   RO          836    i.HAL_MspInit       stm32f1xx_hal_msp.o
    0x08000cd8   0x08000cd8   0x0000001a   Code   RO         1702    i.HAL_NVIC_EnableIRQ  stm32f1xx_hal_cortex.o
    0x08000cf2   0x08000cf2   0x00000002   PAD
    0x08000cf4   0x08000cf4   0x00000040   Code   RO         1708    i.HAL_NVIC_SetPriority  stm32f1xx_hal_cortex.o
    0x08000d34   0x08000d34   0x00000024   Code   RO         1709    i.HAL_NVIC_SetPriorityGrouping  stm32f1xx_hal_cortex.o
    0x08000d58   0x08000d58   0x00000138   Code   RO         1400    i.HAL_RCC_ClockConfig  stm32f1xx_hal_rcc.o
    0x08000e90   0x08000e90   0x00000020   Code   RO         1407    i.HAL_RCC_GetPCLK1Freq  stm32f1xx_hal_rcc.o
    0x08000eb0   0x08000eb0   0x00000020   Code   RO         1408    i.HAL_RCC_GetPCLK2Freq  stm32f1xx_hal_rcc.o
    0x08000ed0   0x08000ed0   0x0000004c   Code   RO         1409    i.HAL_RCC_GetSysClockFreq  stm32f1xx_hal_rcc.o
    0x08000f1c   0x08000f1c   0x00000318   Code   RO         1412    i.HAL_RCC_OscConfig  stm32f1xx_hal_rcc.o
    0x08001234   0x08001234   0x000000b2   Code   RO          914    i.HAL_SPI_Init      stm32f1xx_hal_spi.o
    0x080012e6   0x080012e6   0x00000002   PAD
    0x080012e8   0x080012e8   0x000000b0   Code   RO          599    i.HAL_SPI_MspInit   spi.o
    0x08001398   0x08001398   0x0000016a   Code   RO          922    i.HAL_SPI_Transmit  stm32f1xx_hal_spi.o
    0x08001502   0x08001502   0x00000028   Code   RO         1713    i.HAL_SYSTICK_Config  stm32f1xx_hal_cortex.o
    0x0800152a   0x0800152a   0x00000054   Code   RO         2911    i.HAL_TIMEx_ConfigBreakDeadTime  stm32f1xx_hal_tim_ex.o
    0x0800157e   0x0800157e   0x00000002   PAD
    0x08001580   0x08001580   0x00000068   Code   RO         2927    i.HAL_TIMEx_MasterConfigSynchronization  stm32f1xx_hal_tim_ex.o
    0x080015e8   0x080015e8   0x0000005a   Code   RO         2204    i.HAL_TIM_Base_Init  stm32f1xx_hal_tim.o
    0x08001642   0x08001642   0x00000002   PAD
    0x08001644   0x08001644   0x00000028   Code   RO          647    i.HAL_TIM_Base_MspInit  tim.o
    0x0800166c   0x0800166c   0x000000dc   Code   RO         2213    i.HAL_TIM_ConfigClockSource  stm32f1xx_hal_tim.o
    0x08001748   0x08001748   0x0000004c   Code   RO          648    i.HAL_TIM_MspPostInit  tim.o
    0x08001794   0x08001794   0x000000cc   Code   RO         2276    i.HAL_TIM_PWM_ConfigChannel  stm32f1xx_hal_tim.o
    0x08001860   0x08001860   0x0000005a   Code   RO         2279    i.HAL_TIM_PWM_Init  stm32f1xx_hal_tim.o
    0x080018ba   0x080018ba   0x00000002   Code   RO         2281    i.HAL_TIM_PWM_MspInit  stm32f1xx_hal_tim.o
    0x080018bc   0x080018bc   0x00000004   Code   RO          353    i.HAL_UARTEx_RxEventCallback  esp8285.o
    0x080018c0   0x080018c0   0x00000002   Code   RO         3201    i.HAL_UART_ErrorCallback  stm32f1xx_hal_uart.o
    0x080018c2   0x080018c2   0x00000002   PAD
    0x080018c4   0x080018c4   0x0000026c   Code   RO         3204    i.HAL_UART_IRQHandler  stm32f1xx_hal_uart.o
    0x08001b30   0x08001b30   0x00000064   Code   RO         3205    i.HAL_UART_Init     stm32f1xx_hal_uart.o
    0x08001b94   0x08001b94   0x000000dc   Code   RO          695    i.HAL_UART_MspInit  usart.o
    0x08001c70   0x08001c70   0x000000ac   Code   RO         3208    i.HAL_UART_Receive  stm32f1xx_hal_uart.o
    0x08001d1c   0x08001d1c   0x00000002   Code   RO         3211    i.HAL_UART_RxCpltCallback  stm32f1xx_hal_uart.o
    0x08001d1e   0x08001d1e   0x0000009a   Code   RO         3213    i.HAL_UART_Transmit  stm32f1xx_hal_uart.o
    0x08001db8   0x08001db8   0x00000002   Code   RO         3216    i.HAL_UART_TxCpltCallback  stm32f1xx_hal_uart.o
    0x08001dba   0x08001dba   0x00000002   PAD
    0x08001dbc   0x08001dbc   0x00000044   Code   RO          245    i.HV5812_Init       hv5812.o
    0x08001e00   0x08001e00   0x00000024   Code   RO          246    i.HV5812_Refresh    hv5812.o
    0x08001e24   0x08001e24   0x00000024   Code   RO          247    i.HV5812_Write      hv5812.o
    0x08001e48   0x08001e48   0x00000002   Code   RO          741    i.HardFault_Handler  stm32f1xx_it.o
    0x08001e4a   0x08001e4a   0x0000004c   Code   RO          288    i.IIC_DS3231_ByteRead  ds3231.o
    0x08001e96   0x08001e96   0x00000042   Code   RO          289    i.IIC_DS3231_ByteWrite  ds3231.o
    0x08001ed8   0x08001ed8   0x0000003c   Code   RO          574    i.MX_DMA_Init       dma.o
    0x08001f14   0x08001f14   0x00000118   Code   RO          550    i.MX_GPIO_Init      gpio.o
    0x0800202c   0x0800202c   0x00000048   Code   RO          600    i.MX_SPI1_Init      spi.o
    0x08002074   0x08002074   0x000000d0   Code   RO          649    i.MX_TIM1_Init      tim.o
    0x08002144   0x08002144   0x00000038   Code   RO          696    i.MX_USART3_UART_Init  usart.o
    0x0800217c   0x0800217c   0x00000002   Code   RO          742    i.MemManage_Handler  stm32f1xx_it.o
    0x0800217e   0x0800217e   0x00000002   PAD
    0x08002180   0x08002180   0x00000014   Code   RO          423    i.Misc_Init         misc.o
    0x08002194   0x08002194   0x00000020   Code   RO          460    i.MyI2C_R_SDA       iic_soft.o
    0x080021b4   0x080021b4   0x00000020   Code   RO          461    i.MyI2C_W_SCL       iic_soft.o
    0x080021d4   0x080021d4   0x00000020   Code   RO          462    i.MyI2C_W_SDA       iic_soft.o
    0x080021f4   0x080021f4   0x00000002   Code   RO          743    i.NMI_Handler       stm32f1xx_it.o
    0x080021f6   0x080021f6   0x00000002   Code   RO          744    i.PendSV_Handler    stm32f1xx_it.o
    0x080021f8   0x080021f8   0x00000020   Code   RO          952    i.SPI_EndRxTxTransaction  stm32f1xx_hal_spi.o
    0x08002218   0x08002218   0x000000b8   Code   RO          957    i.SPI_WaitFlagStateUntilTimeout  stm32f1xx_hal_spi.o
    0x080022d0   0x080022d0   0x00000002   Code   RO          745    i.SVC_Handler       stm32f1xx_it.o
    0x080022d2   0x080022d2   0x00000002   PAD
    0x080022d4   0x080022d4   0x000000dc   Code   RO          463    i.SoftIIC_Init      iic_soft.o
    0x080023b0   0x080023b0   0x0000001e   Code   RO          464    i.SoftIIC_ReceiveAck  iic_soft.o
    0x080023ce   0x080023ce   0x00000034   Code   RO          465    i.SoftIIC_ReceiveByte  iic_soft.o
    0x08002402   0x08002402   0x00000028   Code   RO          467    i.SoftIIC_SendByte  iic_soft.o
    0x0800242a   0x0800242a   0x0000001e   Code   RO          468    i.SoftIIC_Start     iic_soft.o
    0x08002448   0x08002448   0x00000018   Code   RO          469    i.SoftIIC_Stop      iic_soft.o
    0x08002460   0x08002460   0x00000004   Code   RO          746    i.SysTick_Handler   stm32f1xx_it.o
    0x08002464   0x08002464   0x0000005c   Code   RO            5    i.SystemClock_Config  main.o
    0x080024c0   0x080024c0   0x00000002   Code   RO         3539    i.SystemInit        system_stm32f1xx.o
    0x080024c2   0x080024c2   0x00000002   PAD
    0x080024c4   0x080024c4   0x0000006c   Code   RO         2297    i.TIM_Base_SetConfig  stm32f1xx_hal_tim.o
    0x08002530   0x08002530   0x00000014   Code   RO         2308    i.TIM_ETR_SetConfig  stm32f1xx_hal_tim.o
    0x08002544   0x08002544   0x00000010   Code   RO         2309    i.TIM_ITRx_SetConfig  stm32f1xx_hal_tim.o
    0x08002554   0x08002554   0x00000058   Code   RO         2310    i.TIM_OC1_SetConfig  stm32f1xx_hal_tim.o
    0x080025ac   0x080025ac   0x0000005c   Code   RO         2311    i.TIM_OC2_SetConfig  stm32f1xx_hal_tim.o
    0x08002608   0x08002608   0x00000058   Code   RO         2312    i.TIM_OC3_SetConfig  stm32f1xx_hal_tim.o
    0x08002660   0x08002660   0x00000044   Code   RO         2313    i.TIM_OC4_SetConfig  stm32f1xx_hal_tim.o
    0x080026a4   0x080026a4   0x00000022   Code   RO         2315    i.TIM_TI1_ConfigInputStage  stm32f1xx_hal_tim.o
    0x080026c6   0x080026c6   0x00000024   Code   RO         2317    i.TIM_TI2_ConfigInputStage  stm32f1xx_hal_tim.o
    0x080026ea   0x080026ea   0x00000010   Code   RO         3218    i.UART_DMAAbortOnError  stm32f1xx_hal_uart.o
    0x080026fa   0x080026fa   0x0000004e   Code   RO         3228    i.UART_EndRxTransfer  stm32f1xx_hal_uart.o
    0x08002748   0x08002748   0x000000c2   Code   RO         3230    i.UART_Receive_IT   stm32f1xx_hal_uart.o
    0x0800280a   0x0800280a   0x00000002   PAD
    0x0800280c   0x0800280c   0x000000b8   Code   RO         3231    i.UART_SetConfig    stm32f1xx_hal_uart.o
    0x080028c4   0x080028c4   0x00000076   Code   RO         3234    i.UART_WaitOnFlagUntilTimeout  stm32f1xx_hal_uart.o
    0x0800293a   0x0800293a   0x00000002   PAD
    0x0800293c   0x0800293c   0x0000000c   Code   RO          747    i.USART3_IRQHandler  stm32f1xx_it.o
    0x08002948   0x08002948   0x00000002   Code   RO          748    i.UsageFault_Handler  stm32f1xx_it.o
    0x0800294a   0x0800294a   0x00000002   PAD
    0x0800294c   0x0800294c   0x000000e4   Code   RO          185    i.Vfd_Clock_Screen  vfd.o
    0x08002a30   0x08002a30   0x00000004   Code   RO          186    i.Vfd_Init          vfd.o
    0x08002a34   0x08002a34   0x00000020   Code   RO         1715    i.__NVIC_SetPriority  stm32f1xx_hal_cortex.o
    0x08002a54   0x08002a54   0x00000012   Code   RO          290    i.bcdToDec          ds3231.o
    0x08002a66   0x08002a66   0x0000002c   Code   RO            7    i.main              main.o
    0x08002a92   0x08002a92   0x00000002   PAD
    0x08002a94   0x08002a94   0x00000030   Data   RO          188    .constdata          vfd.o
    0x08002ac4   0x08002ac4   0x00000008   Data   RO          219    .constdata          ntp.o
    0x08002acc   0x08002acc   0x0000002c   Data   RO          220    .constdata          ntp.o
    0x08002af8   0x08002af8   0x00000049   Data   RO          221    .constdata          ntp.o
    0x08002b41   0x08002b41   0x0000000f   Data   RO          355    .constdata          esp8285.o
    0x08002b50   0x08002b50   0x00000005   Data   RO          357    .constdata          esp8285.o
    0x08002b55   0x08002b55   0x0000000e   Data   RO          358    .constdata          esp8285.o
    0x08002b63   0x08002b63   0x00000024   Data   RO          360    .constdata          esp8285.o
    0x08002b87   0x08002b87   0x0000000e   Data   RO          362    .constdata          esp8285.o
    0x08002b95   0x08002b95   0x00000003   PAD
    0x08002b98   0x08002b98   0x00000010   Data   RO          363    .constdata          esp8285.o
    0x08002ba8   0x08002ba8   0x00000010   Data   RO          364    .constdata          esp8285.o
    0x08002bb8   0x08002bb8   0x00000010   Data   RO          366    .constdata          esp8285.o
    0x08002bc8   0x08002bc8   0x00000010   Data   RO          367    .constdata          esp8285.o
    0x08002bd8   0x08002bd8   0x00000012   Data   RO         1413    .constdata          stm32f1xx_hal_rcc.o
    0x08002bea   0x08002bea   0x00000010   Data   RO         3540    .constdata          system_stm32f1xx.o
    0x08002bfa   0x08002bfa   0x00000008   Data   RO         3541    .constdata          system_stm32f1xx.o
    0x08002c02   0x08002c02   0x00000002   PAD
    0x08002c04   0x08002c04   0x00000020   Data   RO         3784    Region$$Table       anon$$obj.o


    Execution Region RW_IRAM1 (Exec base: 0x20000000, Load base: 0x08002c24, Size: 0x00000a80, Max: 0x00005000, ABSOLUTE)

    Exec Addr    Load Addr    Size         Type   Attr      Idx    E Section Name        Object

    0x20000000   0x08002c24   0x00000004   Data   RW          222    .data               ntp.o
    0x20000004   0x08002c28   0x00000004   Data   RW          248    .data               hv5812.o
    0x20000008   0x08002c2c   0x00000001   Data   RW          471    .data               iic_soft.o
    0x20000009   0x08002c2d   0x00000003   PAD
    0x2000000c   0x08002c30   0x0000000c   Data   RW         1250    .data               stm32f1xx_hal.o
    0x20000018   0x08002c3c   0x00000004   Data   RW         3542    .data               system_stm32f1xx.o
    0x2000001c        -       0x000000ff   Zero   RW          218    .bss                ntp.o
    0x2000011b   0x08002c40   0x00000001   PAD
    0x2000011c        -       0x00000120   Zero   RW          354    .bss                esp8285.o
    0x2000023c        -       0x0000000a   Zero   RW          424    .bss                misc.o
    0x20000246   0x08002c40   0x00000002   PAD
    0x20000248        -       0x00000010   Zero   RW          470    .bss                iic_soft.o
    0x20000258        -       0x000000b0   Zero   RW          602    .bss                spi.o
    0x20000308        -       0x00000048   Zero   RW          650    .bss                tim.o
    0x20000350        -       0x000000d0   Zero   RW          697    .bss                usart.o
    0x20000420        -       0x00000060   Zero   RW         3656    .bss                c_w.l(libspace.o)
    0x20000480        -       0x00000200   Zero   RW          858    HEAP                startup_stm32f103xb.o
    0x20000680        -       0x00000400   Zero   RW          857    STACK               startup_stm32f103xb.o


==============================================================================

Image component sizes


      Code (inc. data)   RO Data    RW Data    ZI Data      Debug   Object Name

        60          4          0          0          0        742   dma.o
       302          6          0          0          0       3267   ds3231.o
       202         34        148          0        288       5480   esp8285.o
       280         20          0          0          0        971   gpio.o
       140         32          0          4          0       2074   hv5812.o
       544         46          0          1         16       6150   iic_soft.o
       140          0          0          0          0     435236   main.o
        40          8          0          0         10       1138   misc.o
       112         28        125          4        255       2664   ntp.o
       248         32          0          0        176       1743   spi.o
        64         26        236          0       1536        768   startup_stm32f103xb.o
       164         28          0         12          0       5813   stm32f1xx_hal.o
       198         14          0          0          0      28859   stm32f1xx_hal_cortex.o
       658         36          0          0          0       3331   stm32f1xx_hal_dma.o
       504         40          0          0          0       4010   stm32f1xx_hal_gpio.o
        44          6          0          0          0        810   stm32f1xx_hal_msp.o
      1244         84         18          0          0       5192   stm32f1xx_hal_rcc.o
       756          4          0          0          0       4342   stm32f1xx_hal_spi.o
      1156         34          0          0          0      11252   stm32f1xx_hal_tim.o
       188         12          0          0          0       2148   stm32f1xx_hal_tim_ex.o
      1642         10          0          0          0      10498   stm32f1xx_hal_uart.o
        78         18          0          0          0       5547   stm32f1xx_it.o
         2          0         24          4          0       1083   system_stm32f1xx.o
       324         32          0          0         72       2304   tim.o
       276         28          0          0        208       1832   usart.o
       232         14         48          0          0       1614   vfd.o

    ----------------------------------------------------------------------
      9626        596        636         28       2564     548868   Object Totals
         0          0         32          0          0          0   (incl. Generated)
        28          0          5          3          3          0   (incl. Padding)

    ----------------------------------------------------------------------

      Code (inc. data)   RO Data    RW Data    ZI Data      Debug   Library Member Name

         8          0          0          0          0         68   __main.o
       104          0          0          0          0         84   __printf.o
         0          0          0          0          0          0   __rtentry.o
        12          0          0          0          0          0   __rtentry2.o
         6          0          0          0          0          0   __rtentry4.o
        52          8          0          0          0          0   __scatter.o
        26          0          0          0          0          0   __scatter_copy.o
        28          0          0          0          0          0   __scatter_zi.o
        44          0          0          0          0        108   _printf_char.o
        48          6          0          0          0         96   _printf_char_common.o
         6          0          0          0          0          0   _printf_d.o
       120         16          0          0          0         92   _printf_dec.o
       178          0          0          0          0         88   _printf_intcommon.o
         0          0          0          0          0          0   _printf_percent.o
         4          0          0          0          0          0   _printf_percent_end.o
         6          0          0          0          0          0   _printf_s.o
        82          0          0          0          0         80   _printf_str.o
        10          0          0          0          0         68   _sputc.o
        18          0          0          0          0         80   exit.o
         6          0          0          0          0        152   heapauxi.o
         0          0          0          0          0          0   indicate_semi.o
         2          0          0          0          0          0   libinit.o
         2          0          0          0          0          0   libinit2.o
         2          0          0          0          0          0   libshutdown.o
         2          0          0          0          0          0   libshutdown2.o
         8          4          0          0         96         68   libspace.o
        40          6          0          0          0         84   noretval__2sprintf.o
        78          0          0          0          0         80   rt_memclr_w.o
         2          0          0          0          0          0   rtexit.o
        10          0          0          0          0          0   rtexit2.o
        36          0          0          0          0         80   strstr.o
        12          4          0          0          0         68   sys_exit.o
        74          0          0          0          0         80   sys_stackheap_outer.o
         2          0          0          0          0         68   use_no_semi.o

    ----------------------------------------------------------------------
      1038         44          0          0         96       1444   Library Totals
        10          0          0          0          0          0   (incl. Padding)

    ----------------------------------------------------------------------

      Code (inc. data)   RO Data    RW Data    ZI Data      Debug   Library Name

      1028         44          0          0         96       1444   c_w.l

    ----------------------------------------------------------------------
      1038         44          0          0         96       1444   Library Totals

    ----------------------------------------------------------------------

==============================================================================


      Code (inc. data)   RO Data    RW Data    ZI Data      Debug   

     10664        640        636         28       2660     544172   Grand Totals
     10664        640        636         28       2660     544172   ELF Image Totals
     10664        640        636         28          0          0   ROM Totals

==============================================================================

    Total RO  Size (Code + RO Data)                11300 (  11.04kB)
    Total RW  Size (RW Data + ZI Data)              2688 (   2.63kB)
    Total ROM Size (Code + RO Data + RW Data)      11328 (  11.06kB)

==============================================================================

